Component: ARM Compiler 5.06 update 6 (build 750) Tool: armlink [4d35ed]

==============================================================================

Section Cross References

    startup_stm32f427xx.o(RESET) refers to startup_stm32f427xx.o(STACK) for __initial_sp
    startup_stm32f427xx.o(RESET) refers to startup_stm32f427xx.o(.text) for Reset_Handler
    startup_stm32f427xx.o(RESET) refers to stm32f4xx_it.o(i.NMI_Handler) for NMI_Handler
    startup_stm32f427xx.o(RESET) refers to stm32f4xx_it.o(i.HardFault_Handler) for HardFault_Handler
    startup_stm32f427xx.o(RESET) refers to stm32f4xx_it.o(i.MemManage_Handler) for MemManage_Handler
    startup_stm32f427xx.o(RESET) refers to stm32f4xx_it.o(i.BusFault_Handler) for BusFault_Handler
    startup_stm32f427xx.o(RESET) refers to stm32f4xx_it.o(i.UsageFault_Handler) for UsageFault_Handler
    startup_stm32f427xx.o(RESET) refers to stm32f4xx_it.o(i.SVC_Handler) for SVC_Handler
    startup_stm32f427xx.o(RESET) refers to stm32f4xx_it.o(i.DebugMon_Handler) for DebugMon_Handler
    startup_stm32f427xx.o(RESET) refers to stm32f4xx_it.o(i.PendSV_Handler) for PendSV_Handler
    startup_stm32f427xx.o(RESET) refers to stm32f4xx_it.o(i.SysTick_Handler) for SysTick_Handler
    startup_stm32f427xx.o(RESET) refers to stm32f4xx_it.o(i.DMA2_Stream1_IRQHandler) for DMA2_Stream1_IRQHandler
    startup_stm32f427xx.o(RESET) refers to stm32f4xx_it.o(i.DMA2_Stream6_IRQHandler) for DMA2_Stream6_IRQHandler
    startup_stm32f427xx.o(RESET) refers to stm32f4xx_it.o(i.USART6_IRQHandler) for USART6_IRQHandler
    startup_stm32f427xx.o(.text) refers to system_stm32f4xx.o(i.SystemInit) for SystemInit
    startup_stm32f427xx.o(.text) refers to entry.o(.ARM.Collect$$$$00000000) for __main
    main.o(i._Z18SystemClock_Configv) refers to memseta.o(.text) for __aeabi_memclr4
    main.o(i._Z18SystemClock_Configv) refers to stm32f4xx_hal_rcc.o(i.HAL_RCC_OscConfig) for HAL_RCC_OscConfig
    main.o(i._Z18SystemClock_Configv) refers to stm32f4xx_hal_rcc.o(i.HAL_RCC_ClockConfig) for HAL_RCC_ClockConfig
    main.o(i.main) refers to stm32f4xx_hal.o(i.HAL_Init) for HAL_Init
    main.o(i.main) refers to main.o(i._Z18SystemClock_Configv) for SystemClock_Config()
    main.o(i.main) refers to gpio.o(i.MX_GPIO_Init) for MX_GPIO_Init
    main.o(i.main) refers to dma.o(i.MX_DMA_Init) for MX_DMA_Init
    main.o(i.main) refers to tim.o(i.MX_TIM2_Init) for MX_TIM2_Init
    main.o(i.main) refers to usart.o(i.MX_USART6_UART_Init) for MX_USART6_UART_Init
    main.o(i.main) refers to mainpp.o(i.setup) for setup
    main.o(i.main) refers to mainpp.o(i.loop) for loop
    main.o(.ARM.exidx) refers to main.o(i.Error_Handler) for i.Error_Handler
    main.o(.ARM.exidx) refers to main.o(i._Z18SystemClock_Configv) for i._Z18SystemClock_Configv
    main.o(.ARM.exidx) refers to main.o(i.main) for i.main
    gpio.o(.ARM.exidx) refers to gpio.o(i.MX_GPIO_Init) for i.MX_GPIO_Init
    dma.o(i.MX_DMA_Init) refers to stm32f4xx_hal_cortex.o(i.HAL_NVIC_SetPriority) for HAL_NVIC_SetPriority
    dma.o(i.MX_DMA_Init) refers to stm32f4xx_hal_cortex.o(i.HAL_NVIC_EnableIRQ) for HAL_NVIC_EnableIRQ
    dma.o(.ARM.exidx) refers to dma.o(i.MX_DMA_Init) for i.MX_DMA_Init
    tim.o(i.MX_TIM2_Init) refers to stm32f4xx_hal_tim.o(i.HAL_TIM_Base_Init) for HAL_TIM_Base_Init
    tim.o(i.MX_TIM2_Init) refers to main.o(i.Error_Handler) for Error_Handler
    tim.o(i.MX_TIM2_Init) refers to stm32f4xx_hal_tim.o(i.HAL_TIM_ConfigClockSource) for HAL_TIM_ConfigClockSource
    tim.o(i.MX_TIM2_Init) refers to stm32f4xx_hal_tim_ex.o(i.HAL_TIMEx_MasterConfigSynchronization) for HAL_TIMEx_MasterConfigSynchronization
    tim.o(i.MX_TIM2_Init) refers to tim.o(.bss) for .bss
    tim.o(.ARM.exidx) refers to tim.o(i.MX_TIM2_Init) for i.MX_TIM2_Init
    tim.o(.ARM.exidx) refers to tim.o(i.HAL_TIM_Base_MspInit) for i.HAL_TIM_Base_MspInit
    tim.o(.ARM.exidx) refers to tim.o(i.HAL_TIM_Base_MspDeInit) for i.HAL_TIM_Base_MspDeInit
    usart.o(i.HAL_UART_MspDeInit) refers to stm32f4xx_hal_gpio.o(i.HAL_GPIO_DeInit) for HAL_GPIO_DeInit
    usart.o(i.HAL_UART_MspDeInit) refers to stm32f4xx_hal_dma.o(i.HAL_DMA_DeInit) for HAL_DMA_DeInit
    usart.o(i.HAL_UART_MspDeInit) refers to stm32f4xx_hal_cortex.o(i.HAL_NVIC_DisableIRQ) for HAL_NVIC_DisableIRQ
    usart.o(i.HAL_UART_MspInit) refers to memseta.o(.text) for __aeabi_memclr4
    usart.o(i.HAL_UART_MspInit) refers to stm32f4xx_hal_gpio.o(i.HAL_GPIO_Init) for HAL_GPIO_Init
    usart.o(i.HAL_UART_MspInit) refers to stm32f4xx_hal_dma.o(i.HAL_DMA_Init) for HAL_DMA_Init
    usart.o(i.HAL_UART_MspInit) refers to main.o(i.Error_Handler) for Error_Handler
    usart.o(i.HAL_UART_MspInit) refers to stm32f4xx_hal_cortex.o(i.HAL_NVIC_SetPriority) for HAL_NVIC_SetPriority
    usart.o(i.HAL_UART_MspInit) refers to stm32f4xx_hal_cortex.o(i.HAL_NVIC_EnableIRQ) for HAL_NVIC_EnableIRQ
    usart.o(i.HAL_UART_MspInit) refers to usart.o(.bss) for .bss
[...]
    Removing time.o(i._ZN3ros4Time8fromNSecEl), (40 bytes).
    Removing time.o(i._ZN3ros4TimemIERKNS_8DurationE), (32 bytes).
    Removing time.o(i._ZN3ros4TimepLERKNS_8DurationE), (32 bytes).
    Removing time.o(.ARM.exidx), (8 bytes).
    Removing time.o(.ARM.exidx), (8 bytes).
    Removing time.o(.ARM.exidx), (8 bytes).
    Removing time.o(.ARM.exidx), (8 bytes).
    Removing mainpp.o(.ARM.exidx), (8 bytes).
    Removing mainpp.o(.ARM.exidx), (8 bytes).
    Removing mainpp.o(.ARM.exidx), (8 bytes).
    Removing mainpp.o(.ARM.exidx), (8 bytes).
    Removing mainpp.o(.ARM.exidx), (8 bytes).
    Removing mainpp.o(.ARM.exidx), (8 bytes).
    Removing mainpp.o(.ARM.exidx), (8 bytes).
    Removing mainpp.o(.ARM.exidx), (8 bytes).
    Removing mainpp.o(.ARM.exidx), (8 bytes).
    Removing mainpp.o(.ARM.exidx), (8 bytes).
    Removing mainpp.o(.constdata__ZTIN3ros11NodeHandle_I13STM32HardwareLi25ELi25ELi512ELi512EEE), (12 bytes).
    Removing mainpp.o(.constdata__ZTIN3ros10SubscriberIN8std_msgs6StringEEE), (12 bytes).
    Removing mainpp.o(.constdata__ZTIN8std_msgs4TimeE), (12 bytes).
    Removing mainpp.o(.constdata__ZTIN8std_msgs6StringE), (12 bytes).
    Removing mainpp.o(.constdata__ZTIN14rosserial_msgs9TopicInfoE), (12 bytes).
    Removing mainpp.o(.constdata__ZTIN14rosserial_msgs20RequestParamResponseE), (12 bytes).
    Removing mainpp.o(.constdata__ZTIN3ros15NodeHandleBase_E), (8 bytes).
    Removing mainpp.o(.constdata__ZTIN3ros3MsgE), (8 bytes).
    Removing mainpp.o(.constdata__ZTIN3ros11Subscriber_E), (8 bytes).
    Removing mainpp.o(.constdata__ZTSN3ros11NodeHandle_I13STM32HardwareLi25ELi25ELi512ELi512EEE), (59 bytes).
    Removing mainpp.o(.constdata__ZTSN3ros10SubscriberIN8std_msgs6StringEEE), (39 bytes).
    Removing mainpp.o(.constdata__ZTSN8std_msgs4TimeE), (17 bytes).
    Removing mainpp.o(.constdata__ZTSN8std_msgs6StringE), (19 bytes).
    Removing mainpp.o(.constdata__ZTSN14rosserial_msgs9TopicInfoE), (29 bytes).
    Removing mainpp.o(.constdata__ZTSN14rosserial_msgs20RequestParamResponseE), (41 bytes).
    Removing mainpp.o(.constdata__ZTSN3ros3MsgE), (11 bytes).
    Removing mainpp.o(.constdata__ZTSN3ros15NodeHandleBase_E), (24 bytes).
    Removing mainpp.o(.constdata__ZTSN3ros11Subscriber_E), (20 bytes).
    Removing mainpp.o(t._ZN3ros11NodeHandle_I13STM32HardwareLi25ELi25ELi512ELi512EE9connectedEv), (6 bytes).
    Removing mainpp.o(.ARM.exidx), (8 bytes).
    Removing mainpp.o(.ARM.exidx), (8 bytes).
    Removing mainpp.o(.ARM.exidx), (8 bytes).
    Removing mainpp.o(.ARM.exidx), (8 bytes).
    Removing mainpp.o(.ARM.exidx), (8 bytes).
    Removing mainpp.o(.ARM.exidx), (8 bytes).
    Removing mainpp.o(.ARM.exidx), (8 bytes).
    Removing mainpp.o(.ARM.exidx), (8 bytes).
    Removing mainpp.o(.ARM.exidx), (8 bytes).
    Removing mainpp.o(.ARM.exidx), (8 bytes).
    Removing mainpp.o(.ARM.exidx), (8 bytes).
    Removing mainpp.o(.ARM.exidx), (8 bytes).
    Removing mainpp.o(.ARM.exidx), (8 bytes).
    Removing mainpp.o(i._ZN14rosserial_msgs9TopicInfo11deserializeEPh), (160 bytes).
    Removing mainpp.o(.ARM.exidx), (8 bytes).
    Removing mainpp.o(.ARM.exidx), (8 bytes).
    Removing mainpp.o(.ARM.exidx), (8 bytes).
    Removing mainpp.o(.ARM.exidx), (8 bytes).
    Removing mainpp.o(.ARM.exidx), (8 bytes).
    Removing mainpp.o(.ARM.exidx), (8 bytes).
    Removing mainpp.o(.constdata__ZTIN14rosserial_msgs3LogE), (12 bytes).
    Removing mainpp.o(.constdata__ZTSN14rosserial_msgs3LogE), (23 bytes).
    Removing mainpp.o(.ARM.exidx), (8 bytes).
    Removing mainpp.o(i._ZN14rosserial_msgs3Log11deserializeEPh), (50 bytes).
    Removing mainpp.o(.ARM.exidx), (8 bytes).
    Removing mainpp.o(.ARM.exidx), (8 bytes).
    Removing mainpp.o(.ARM.exidx), (8 bytes).

860 unused section(s) (total 28368 bytes) removed from the image.

==============================================================================

Image Symbol Table

    Local Symbols

    Symbol Name                              Value     Ov Type        Size  Object(Section)

    ../../../edgfe/lib_src/arm_exceptions.c  0x00000000   Number         0  arm_exceptions_callterm.o ABSOLUTE
    ../../../edgfe/lib_src/arm_exceptions.c  0x00000000   Number         0  arm_exceptions_terminate.o ABSOLUTE
    ../../../edgfe/lib_src/arm_exceptions.c  0x00000000   Number         0  arm_exceptions_mem.o ABSOLUTE
    ../../../edgfe/lib_src/arm_exceptions.c  0x00000000   Number         0  arm_exceptions_globs.o ABSOLUTE
    ../../../edgfe/lib_src/arm_exceptions.c  0x00000000   Number         0  arm_exceptions_support.o ABSOLUTE
    ../../../edgfe/lib_src/arm_noexceptions.c 0x00000000   Number         0  arm_begincatch_noexceptions.o ABSOLUTE
    ../../../edgfe/lib_src/typeinfo.c        0x00000000   Number         0  type_info_dtor.o ABSOLUTE
    ../../../edgfe/lib_src/typeinfo.c        0x00000000   Number         0  lib_rtti_impl.o ABSOLUTE
    ../Drivers/STM32F4xx_HAL_Driver/Src/stm32f4xx_hal.c 0x00000000   Number         0  stm32f4xx_hal.o ABSOLUTE
    ../Drivers/STM32F4xx_HAL_Driver/Src/stm32f4xx_hal_cortex.c 0x00000000   Number         0  stm32f4xx_hal_cortex.o ABSOLUTE
    ../Drivers/STM32F4xx_HAL_Driver/Src/stm32f4xx_hal_dma.c 0x00000000   Number         0  stm32f4xx_hal_dma.o ABSOLUTE
    ../Drivers/STM32F4xx_HAL_Driver/Src/stm32f4xx_hal_dma_ex.c 0x00000000   Number         0  stm32f4xx_hal_dma_ex.o ABSOLUTE
    ../Drivers/STM32F4xx_HAL_Driver/Src/stm32f4xx_hal_exti.c 0x00000000   Number         0  stm32f4xx_hal_exti.o ABSOLUTE
    ../Drivers/STM32F4xx_HAL_Driver/Src/stm32f4xx_hal_flash.c 0x00000000   Number         0  stm32f4xx_hal_flash.o ABSOLUTE
    ../Drivers/STM32F4xx_HAL_Driver/Src/stm32f4xx_hal_flash_ex.c 0x00000000   Number         0  stm32f4xx_hal_flash_ex.o ABSOLUTE
    ../Drivers/STM32F4xx_HAL_Driver/Src/stm32f4xx_hal_flash_ramfunc.c 0x00000000   Number         0  stm32f4xx_hal_flash_ramfunc.o ABSOLUTE
    ../Drivers/STM32F4xx_HAL_Driver/Src/stm32f4xx_hal_gpio.c 0x00000000   Number         0  stm32f4xx_hal_gpio.o ABSOLUTE
    ../Drivers/STM32F4xx_HAL_Driver/Src/stm32f4xx_hal_pwr.c 0x00000000   Number         0  stm32f4xx_hal_pwr.o ABSOLUTE
    ../Drivers/STM32F4xx_HAL_Driver/Src/stm32f4xx_hal_pwr_ex.c 0x00000000   Number         0  stm32f4xx_hal_pwr_ex.o ABSOLUTE
    ../Drivers/STM32F4xx_HAL_Driver/Src/stm32f4xx_hal_rcc.c 0x00000000   Number         0  stm32f4xx_hal_rcc.o ABSOLUTE
    ../Drivers/STM32F4xx_HAL_Driver/Src/stm32f4xx_hal_rcc_ex.c 0x00000000   Number         0  stm32f4xx_hal_rcc_ex.o ABSOLUTE
    ../Drivers/STM32F4xx_HAL_Driver/Src/stm32f4xx_hal_tim.c 0x00000000   Number         0  stm32f4xx_hal_tim.o ABSOLUTE
    ../Drivers/STM32F4xx_HAL_Driver/Src/stm32f4xx_hal_tim_ex.c 0x00000000   Number         0  stm32f4xx_hal_tim_ex.o ABSOLUTE
    ../Drivers/STM32F4xx_HAL_Driver/Src/stm32f4xx_hal_uart.c 0x00000000   Number         0  stm32f4xx_hal_uart.o ABSOLUTE
    ../Src/dma.c                             0x00000000   Number         0  dma.o ABSOLUTE
    ../Src/gpio.c                            0x00000000   Number         0  gpio.o ABSOLUTE
    ../Src/main.c                            0x00000000   Number         0  main.o ABSOLUTE
    ../Src/stm32f4xx_hal_msp.c               0x00000000   Number         0  stm32f4xx_hal_msp.o ABSOLUTE
    ../Src/stm32f4xx_it.c                    0x00000000   Number         0  stm32f4xx_it.o ABSOLUTE
    ../Src/system_stm32f4xx.c                0x00000000   Number         0  system_stm32f4xx.o ABSOLUTE
    ../Src/tim.c                             0x00000000   Number         0  tim.o ABSOLUTE
    ../Src/usart.c                           0x00000000   Number         0  usart.o ABSOLUTE
    ../clib/microlib/cpp/cpp_init.c          0x00000000   Number         0  cpp_init.o ABSOLUTE
    ../clib/microlib/cpp/cpp_init.c          0x00000000   Number         0  cpp_init.o ABSOLUTE
    ../clib/microlib/cpp/cpp_memory.c        0x00000000   Number         0  cpp_memory.o ABSOLUTE
    ../clib/microlib/division.c              0x00000000   Number         0  uldiv.o ABSOLUTE
    ../clib/microlib/init/entry.s            0x00000000   Number         0  entry8b.o ABSOLUTE
    ../clib/microlib/init/entry.s            0x00000000   Number         0  entry11b.o ABSOLUTE
    ../clib/microlib/init/entry.s            0x00000000   Number         0  entry11a.o ABSOLUTE
    ../clib/microlib/init/entry.s            0x00000000   Number         0  entry10a.o ABSOLUTE
    ../clib/microlib/init/entry.s            0x00000000   Number         0  entry5.o ABSOLUTE
    ../clib/microlib/init/entry.s            0x00000000   Number         0  entry9b.o ABSOLUTE
    ../clib/microlib/init/entry.s            0x00000000   Number         0  entry9a.o ABSOLUTE
    ../clib/microlib/init/entry.s            0x00000000   Number         0  entry10b.o ABSOLUTE
    ../clib/microlib/init/entry.s            0x00000000   Number         0  entry8a.o ABSOLUTE
    ../clib/microlib/init/entry.s            0x00000000   Number         0  entry7b.o ABSOLUTE
    ../clib/microlib/init/entry.s            0x00000000   Number         0  entry7a.o ABSOLUTE
    ../clib/microlib/init/entry.s            0x00000000   Number         0  entry2.o ABSOLUTE
    ../clib/microlib/init/entry.s            0x00000000   Number         0  entry.o ABSOLUTE
    ../clib/microlib/longlong.c              0x00000000   Number         0  llushr.o ABSOLUTE
    ../clib/microlib/longlong.c              0x00000000   Number         0  llshl.o ABSOLUTE
    ../clib/microlib/malloc/malloc.c         0x00000000   Number         0  malloca.o ABSOLUTE
    ../clib/microlib/malloc/malloc.c         0x00000000   Number         0  malloc.o ABSOLUTE
    ../clib/microlib/malloc/malloc.c         0x00000000   Number         0  mallocra.o ABSOLUTE
    ../clib/microlib/malloc/malloc.c         0x00000000   Number         0  mallocr.o ABSOLUTE
    ../clib/microlib/malloc/mvars.c          0x00000000   Number         0  mvars.o ABSOLUTE
    ../clib/microlib/stdlib/abort.c          0x00000000   Number         0  abort.o ABSOLUTE
    ../clib/microlib/string/memcpy.c         0x00000000   Number         0  memcpya.o ABSOLUTE
    ../clib/microlib/string/memcpy.c         0x00000000   Number         0  memcpyb.o ABSOLUTE
    ../clib/microlib/string/memset.c         0x00000000   Number         0  memseta.o ABSOLUTE
    ../clib/microlib/string/strlen.c         0x00000000   Number         0  strlen.o ABSOLUTE
    ..\Drivers\STM32F4xx_HAL_Driver\Src\stm32f4xx_hal.c 0x00000000   Number         0  stm32f4xx_hal.o ABSOLUTE
    ..\Drivers\STM32F4xx_HAL_Driver\Src\stm32f4xx_hal_cortex.c 0x00000000   Number         0  stm32f4xx_hal_cortex.o ABSOLUTE
    ..\Drivers\STM32F4xx_HAL_Driver\Src\stm32f4xx_hal_dma.c 0x00000000   Number         0  stm32f4xx_hal_dma.o ABSOLUTE
    ..\Drivers\STM32F4xx_HAL_Driver\Src\stm32f4xx_hal_dma_ex.c 0x00000000   Number         0  stm32f4xx_hal_dma_ex.o ABSOLUTE
    ..\Drivers\STM32F4xx_HAL_Driver\Src\stm32f4xx_hal_exti.c 0x00000000   Number         0  stm32f4xx_hal_exti.o ABSOLUTE
    ..\Drivers\STM32F4xx_HAL_Driver\Src\stm32f4xx_hal_flash.c 0x00000000   Number         0  stm32f4xx_hal_flash.o ABSOLUTE
    ..\Drivers\STM32F4xx_HAL_Driver\Src\stm32f4xx_hal_flash_ex.c 0x00000000   Number         0  stm32f4xx_hal_flash_ex.o ABSOLUTE
    ..\Drivers\STM32F4xx_HAL_Driver\Src\stm32f4xx_hal_flash_ramfunc.c 0x00000000   Number         0  stm32f4xx_hal_flash_ramfunc.o ABSOLUTE
    ..\Drivers\STM32F4xx_HAL_Driver\Src\stm32f4xx_hal_gpio.c 0x00000000   Number         0  stm32f4xx_hal_gpio.o ABSOLUTE
    ..\Drivers\STM32F4xx_HAL_Driver\Src\stm32f4xx_hal_pwr.c 0x00000000   Number         0  stm32f4xx_hal_pwr.o ABSOLUTE
    ..\Drivers\STM32F4xx_HAL_Driver\Src\stm32f4xx_hal_pwr_ex.c 0x00000000   Number         0  stm32f4xx_hal_pwr_ex.o ABSOLUTE
    ..\Drivers\STM32F4xx_HAL_Driver\Src\stm32f4xx_hal_rcc.c 0x00000000   Number         0  stm32f4xx_hal_rcc.o ABSOLUTE
    ..\Drivers\STM32F4xx_HAL_Driver\Src\stm32f4xx_hal_rcc_ex.c 0x00000000   Number         0  stm32f4xx_hal_rcc_ex.o ABSOLUTE
    ..\Drivers\STM32F4xx_HAL_Driver\Src\stm32f4xx_hal_tim.c 0x00000000   Number         0  stm32f4xx_hal_tim.o ABSOLUTE
    ..\Drivers\STM32F4xx_HAL_Driver\Src\stm32f4xx_hal_tim_ex.c 0x00000000   Number         0  stm32f4xx_hal_tim_ex.o ABSOLUTE
    ..\Drivers\STM32F4xx_HAL_Driver\Src\stm32f4xx_hal_uart.c 0x00000000   Number         0  stm32f4xx_hal_uart.o ABSOLUTE
    ..\RosLibs\time.cpp                      0x00000000   Number         0  time.o ABSOLUTE
    ..\Src\dma.c                             0x00000000   Number         0  dma.o ABSOLUTE
    ..\Src\gpio.c                            0x00000000   Number         0  gpio.o ABSOLUTE
    ..\Src\main.c                            0x00000000   Number         0  main.o ABSOLUTE
    ..\Src\stm32f4xx_hal_msp.c               0x00000000   Number         0  stm32f4xx_hal_msp.o ABSOLUTE
    ..\Src\stm32f4xx_it.c                    0x00000000   Number         0  stm32f4xx_it.o ABSOLUTE
    ..\Src\system_stm32f4xx.c                0x00000000   Number         0  system_stm32f4xx.o ABSOLUTE
    ..\Src\tim.c                             0x00000000   Number         0  tim.o ABSOLUTE
    ..\Src\usart.c                           0x00000000   Number         0  usart.o ABSOLUTE
    dc.s                                     0x00000000   Number         0  dc.o ABSOLUTE
    handlers.s                               0x00000000   Number         0  handlers.o ABSOLUTE
    init.s                                   0x00000000   Number         0  init.o ABSOLUTE
    mainpp.cpp                               0x00000000   Number         0  mainpp.o ABSOLUTE
    mainpp.cpp                               0x00000000   Number         0  mainpp.o ABSOLUTE
    startup_stm32f427xx.s                    0x00000000   Number         0  startup_stm32f427xx.o ABSOLUTE
    RESET                                    0x08000000   Section      428  startup_stm32f427xx.o(RESET)
    .ARM.Collect$$$$00000000                 0x080001ac   Section        0  entry.o(.ARM.Collect$$$$00000000)
    .ARM.Collect$$$$00000001                 0x080001ac   Section        4  entry2.o(.ARM.Collect$$$$00000001)
    .ARM.Collect$$$$00000004                 0x080001b0   Section        4  entry5.o(.ARM.Collect$$$$00000004)
    .ARM.Collect$$$$00000008                 0x080001b4   Section        0  entry7b.o(.ARM.Collect$$$$00000008)
    .ARM.Collect$$$$00000009                 0x080001b4   Section        4  entry8a.o(.ARM.Collect$$$$00000009)
    .ARM.Collect$$$$0000000A                 0x080001b8   Section        0  entry8b.o(.ARM.Collect$$$$0000000A)
    .ARM.Collect$$$$0000000B                 0x080001b8   Section        8  entry9a.o(.ARM.Collect$$$$0000000B)
    .ARM.Collect$$$$0000000D                 0x080001c0   Section        0  entry10a.o(.ARM.Collect$$$$0000000D)
    .ARM.Collect$$$$0000000F                 0x080001c0   Section        0  entry11a.o(.ARM.Collect$$$$0000000F)
    .ARM.Collect$$$$00002712                 0x080001c0   Section        4  entry2.o(.ARM.Collect$$$$00002712)
    __lit__00000000                          0x080001c0   Data           4  entry2.o(.ARM.Collect$$$$00002712)
    .text                                    0x080001c4   Section       36  startup_stm32f427xx.o(.text)
    $v0                                      0x080001c4   Number         0  startup_stm32f427xx.o(.text)
    .text                                    0x080001e8   Section        0  uldiv.o(.text)
    .text                                    0x0800024a   Section        0  memcpya.o(.text)
    .text                                    0x0800026e   Section        0  memseta.o(.text)
    .text                                    0x08000292   Section        0  strlen.o(.text)
    .text                                    0x080002a0   Section        0  cpp_init.o(.text)
    .text                                    0x080002c0   Section        0  llshl.o(.text)
    .text                                    0x080002de   Section        0  llushr.o(.text)
    .text                                    0x08000300   Section       36  init.o(.text)
    i.BusFault_Handler                       0x08000324   Section        0  stm32f4xx_it.o(i.BusFault_Handler)
    i.DMA2_Stream1_IRQHandler                0x08000328   Section        0  stm32f4xx_it.o(i.DMA2_Stream1_IRQHandler)
    i.DMA2_Stream6_IRQHandler                0x08000334   Section        0  stm32f4xx_it.o(i.DMA2_Stream6_IRQHandler)
    i.DebugMon_Handler                       0x08000340   Section        0  stm32f4xx_it.o(i.DebugMon_Handler)
    i.Error_Handler                          0x08000342   Section        0  main.o(i.Error_Handler)
    i.HAL_DMA_Abort_IT                       0x08000344   Section        0  stm32f4xx_hal_dma.o(i.HAL_DMA_Abort_IT)
    i.HAL_DMA_IRQHandler                     0x08000368   Section        0  stm32f4xx_hal_dma.o(i.HAL_DMA_IRQHandler)
    i.HAL_DMA_Init                           0x08000508   Section        0  stm32f4xx_hal_dma.o(i.HAL_DMA_Init)
    i.HAL_DMA_Start_IT                       0x080005dc   Section        0  stm32f4xx_hal_dma.o(i.HAL_DMA_Start_IT)
    i.HAL_Delay                              0x08000654   Section        0  stm32f4xx_hal.o(i.HAL_Delay)
    i.HAL_GPIO_Init                          0x08000678   Section        0  stm32f4xx_hal_gpio.o(i.HAL_GPIO_Init)
    i.HAL_GetTick                            0x08000844   Section        0  stm32f4xx_hal.o(i.HAL_GetTick)
    i.HAL_IncTick                            0x08000850   Section        0  stm32f4xx_hal.o(i.HAL_IncTick)
    i.HAL_Init                               0x08000860   Section        0  stm32f4xx_hal.o(i.HAL_Init)
    i.HAL_InitTick                           0x08000894   Section        0  stm32f4xx_hal.o(i.HAL_InitTick)
    i.HAL_MspInit                            0x080008d4   Section        0  stm32f4xx_hal_msp.o(i.HAL_MspInit)
    i.HAL_NVIC_EnableIRQ                     0x08000904   Section        0  stm32f4xx_hal_cortex.o(i.HAL_NVIC_EnableIRQ)
    i.HAL_NVIC_SetPriority                   0x08000920   Section        0  stm32f4xx_hal_cortex.o(i.HAL_NVIC_SetPriority)
    i.HAL_NVIC_SetPriorityGrouping           0x08000960   Section        0  stm32f4xx_hal_cortex.o(i.HAL_NVIC_SetPriorityGrouping)
    i.HAL_RCC_ClockConfig                    0x08000984   Section        0  stm32f4xx_hal_rcc.o(i.HAL_RCC_ClockConfig)
    i.HAL_RCC_GetPCLK1Freq                   0x08000ab4   Section        0  stm32f4xx_hal_rcc.o(i.HAL_RCC_GetPCLK1Freq)
    i.HAL_RCC_GetPCLK2Freq                   0x08000ad4   Section        0  stm32f4xx_hal_rcc.o(i.HAL_RCC_GetPCLK2Freq)
    i.HAL_RCC_GetSysClockFreq                0x08000af4   Section        0  stm32f4xx_hal_rcc.o(i.HAL_RCC_GetSysClockFreq)
    i.HAL_RCC_OscConfig                      0x08000b58   Section        0  stm32f4xx_hal_rcc.o(i.HAL_RCC_OscConfig)
    i.HAL_SYSTICK_Config                     0x08000e74   Section        0  stm32f4xx_hal_cortex.o(i.HAL_SYSTICK_Config)
    i.HAL_TIMEx_MasterConfigSynchronization  0x08000e9c   Section        0  stm32f4xx_hal_tim_ex.o(i.HAL_TIMEx_MasterConfigSynchronization)
    i.HAL_TIM_Base_Init                      0x08000ede   Section        0  stm32f4xx_hal_tim.o(i.HAL_TIM_Base_Init)
    i.HAL_TIM_Base_MspInit                   0x08000f14   Section        0  tim.o(i.HAL_TIM_Base_MspInit)
    i.HAL_TIM_Base_Start                     0x08000f38   Section        0  stm32f4xx_hal_tim.o(i.HAL_TIM_Base_Start)
    i.HAL_TIM_ConfigClockSource              0x08000f5c   Section        0  stm32f4xx_hal_tim.o(i.HAL_TIM_ConfigClockSource)
    i.HAL_UART_ErrorCallback                 0x08001032   Section        0  stm32f4xx_hal_uart.o(i.HAL_UART_ErrorCallback)
    i.HAL_UART_IRQHandler                    0x08001034   Section        0  stm32f4xx_hal_uart.o(i.HAL_UART_IRQHandler)
    i.HAL_UART_Init                          0x08001144   Section        0  stm32f4xx_hal_uart.o(i.HAL_UART_Init)
    i.HAL_UART_MspInit                       0x080011a8   Section        0  usart.o(i.HAL_UART_MspInit)
    i.HAL_UART_Receive_DMA                   0x08001294   Section        0  stm32f4xx_hal_uart.o(i.HAL_UART_Receive_DMA)
    i.HAL_UART_RxCpltCallback                0x0800132c   Section        0  mainpp.o(i.HAL_UART_RxCpltCallback)
    i.HAL_UART_RxHalfCpltCallback            0x08001338   Section        0  stm32f4xx_hal_uart.o(i.HAL_UART_RxHalfCpltCallback)
    i.HAL_UART_Transmit_DMA                  0x0800133c   Section        0  stm32f4xx_hal_uart.o(i.HAL_UART_Transmit_DMA)
    i.HAL_UART_TxCpltCallback                0x080013bc   Section        0  mainpp.o(i.HAL_UART_TxCpltCallback)
    i.HAL_UART_TxHalfCpltCallback            0x080013c8   Section        0  stm32f4xx_hal_uart.o(i.HAL_UART_TxHalfCpltCallback)
    i.HardFault_Handler                      0x080013ca   Section        0  stm32f4xx_it.o(i.HardFault_Handler)
    i.MX_DMA_Init                            0x080013cc   Section        0  dma.o(i.MX_DMA_Init)
    i.MX_GPIO_Init                           0x08001408   Section        0  gpio.o(i.MX_GPIO_Init)
    i.MX_TIM2_Init                           0x08001444   Section        0  tim.o(i.MX_TIM2_Init)
    i.MX_USART6_UART_Init                    0x080014a4   Section        0  usart.o(i.MX_USART6_UART_Init)
    i.MemManage_Handler                      0x080014dc   Section        0  stm32f4xx_it.o(i.MemManage_Handler)
    i.NMI_Handler                            0x080014de   Section        0  stm32f4xx_it.o(i.NMI_Handler)
    i.PendSV_Handler                         0x080014e0   Section        0  stm32f4xx_it.o(i.PendSV_Handler)
    i.SVC_Handler                            0x080014e2   Section        0  stm32f4xx_it.o(i.SVC_Handler)
    i.SysTick_Handler                        0x080014e4   Section        0  stm32f4xx_it.o(i.SysTick_Handler)
    i.SystemInit                             0x080014e8   Section        0  system_stm32f4xx.o(i.SystemInit)
    i.TIM_Base_SetConfig                     0x0800153c   Section        0  stm32f4xx_hal_tim.o(i.TIM_Base_SetConfig)
    i.TIM_ETR_SetConfig                      0x08001604   Section        0  stm32f4xx_hal_tim.o(i.TIM_ETR_SetConfig)
    i.USART6_IRQHandler                      0x08001618   Section        0  stm32f4xx_it.o(i.USART6_IRQHandler)
    i.UsageFault_Handler                     0x08001624   Section        0  stm32f4xx_it.o(i.UsageFault_Handler)
    i._Z13DMA_SetConfigP19__DMA_HandleTypeDefjjj 0x08001626   Section        0  stm32f4xx_hal_dma.o(i._Z13DMA_SetConfigP19__DMA_HandleTypeDefjjj)
    DMA_SetConfig(__DMA_HandleTypeDef*, unsigned, unsigned, unsigned) 0x08001627   Thumb Code    40  stm32f4xx_hal_dma.o(i._Z13DMA_SetConfigP19__DMA_HandleTypeDefjjj)
    i._Z13UART_DMAErrorP19__DMA_HandleTypeDef 0x0800164e   Section        0  stm32f4xx_hal_uart.o(i._Z13UART_DMAErrorP19__DMA_HandleTypeDef)
    UART_DMAError(__DMA_HandleTypeDef*)      0x0800164f   Thumb Code    74  stm32f4xx_hal_uart.o(i._Z13UART_DMAErrorP19__DMA_HandleTypeDef)
    i._Z14UART_SetConfigP20__UART_HandleTypeDef 0x08001698   Section        0  stm32f4xx_hal_uart.o(i._Z14UART_SetConfigP20__UART_HandleTypeDef)
    UART_SetConfig(__UART_HandleTypeDef*)    0x08001699   Thumb Code   676  stm32f4xx_hal_uart.o(i._Z14UART_SetConfigP20__UART_HandleTypeDef)
    i._Z15UART_Receive_ITP20__UART_HandleTypeDef 0x08001944   Section        0  stm32f4xx_hal_uart.o(i._Z15UART_Receive_ITP20__UART_HandleTypeDef)
    UART_Receive_IT(__UART_HandleTypeDef*)   0x08001945   Thumb Code   150  stm32f4xx_hal_uart.o(i._Z15UART_Receive_ITP20__UART_HandleTypeDef)
    i._Z16UART_Transmit_ITP20__UART_HandleTypeDef 0x080019da   Section        0  stm32f4xx_hal_uart.o(i._Z16UART_Transmit_ITP20__UART_HandleTypeDef)
    UART_Transmit_IT(__UART_HandleTypeDef*)  0x080019db   Thumb Code    98  stm32f4xx_hal_uart.o(i._Z16UART_Transmit_ITP20__UART_HandleTypeDef)
    i._Z16command_callbackRKN8std_msgs6StringE 0x08001a3c   Section        0  mainpp.o(i._Z16command_callbackRKN8std_msgs6StringE)
    i._Z18DMA_CheckFifoParamP19__DMA_HandleTypeDef 0x08001a58   Section        0  stm32f4xx_hal_dma.o(i._Z18DMA_CheckFifoParamP19__DMA_HandleTypeDef)
    DMA_CheckFifoParam(__DMA_HandleTypeDef*) 0x08001a59   Thumb Code    84  stm32f4xx_hal_dma.o(i._Z18DMA_CheckFifoParamP19__DMA_HandleTypeDef)
    i._Z18SystemClock_Configv                0x08001aac   Section        0  main.o(i._Z18SystemClock_Configv)
    i._Z18TIM_ITRx_SetConfigP11TIM_TypeDefj  0x08001b30   Section        0  stm32f4xx_hal_tim.o(i._Z18TIM_ITRx_SetConfigP11TIM_TypeDefj)
    TIM_ITRx_SetConfig(TIM_TypeDef*, unsigned) 0x08001b31   Thumb Code    16  stm32f4xx_hal_tim.o(i._Z18TIM_ITRx_SetConfigP11TIM_TypeDefj)
    i._Z18UART_DMARxHalfCpltP19__DMA_HandleTypeDef 0x08001b40   Section        0  stm32f4xx_hal_uart.o(i._Z18UART_DMARxHalfCpltP19__DMA_HandleTypeDef)
    UART_DMARxHalfCplt(__DMA_HandleTypeDef*) 0x08001b41   Thumb Code    10  stm32f4xx_hal_uart.o(i._Z18UART_DMARxHalfCpltP19__DMA_HandleTypeDef)
    i._Z18UART_DMATxHalfCpltP19__DMA_HandleTypeDef 0x08001b4a   Section        0  stm32f4xx_hal_uart.o(i._Z18UART_DMATxHalfCpltP19__DMA_HandleTypeDef)
    UART_DMATxHalfCplt(__DMA_HandleTypeDef*) 0x08001b4b   Thumb Code    10  stm32f4xx_hal_uart.o(i._Z18UART_DMATxHalfCpltP19__DMA_HandleTypeDef)
    i._Z18UART_EndRxTransferP20__UART_HandleTypeDef 0x08001b54   Section        0  stm32f4xx_hal_uart.o(i._Z18UART_EndRxTransferP20__UART_HandleTypeDef)
    UART_EndRxTransfer(__UART_HandleTypeDef*) 0x08001b55   Thumb Code    28  stm32f4xx_hal_uart.o(i._Z18UART_EndRxTransferP20__UART_HandleTypeDef)
    i._Z18UART_EndTxTransferP20__UART_HandleTypeDef 0x08001b70   Section        0  stm32f4xx_hal_uart.o(i._Z18UART_EndTxTransferP20__UART_HandleTypeDef)
    UART_EndTxTransfer(__UART_HandleTypeDef*) 0x08001b71   Thumb Code    18  stm32f4xx_hal_uart.o(i._Z18UART_EndTxTransferP20__UART_HandleTypeDef)
    i._Z18__NVIC_SetPriority9IRQn_Typej      0x08001b82   Section        0  stm32f4xx_hal_cortex.o(i._Z18__NVIC_SetPriority9IRQn_Typej)
    __NVIC_SetPriority(IRQn_Type, unsigned)  0x08001b83   Thumb Code    32  stm32f4xx_hal_cortex.o(i._Z18__NVIC_SetPriority9IRQn_Typej)
    i._Z19UART_DMAReceiveCpltP19__DMA_HandleTypeDef 0x08001ba2   Section        0  stm32f4xx_hal_uart.o(i._Z19UART_DMAReceiveCpltP19__DMA_HandleTypeDef)
    UART_DMAReceiveCplt(__DMA_HandleTypeDef*) 0x08001ba3   Thumb Code    60  stm32f4xx_hal_uart.o(i._Z19UART_DMAReceiveCpltP19__DMA_HandleTypeDef)
    i._Z20UART_DMAAbortOnErrorP19__DMA_HandleTypeDef 0x08001bde   Section        0  stm32f4xx_hal_uart.o(i._Z20UART_DMAAbortOnErrorP19__DMA_HandleTypeDef)
    UART_DMAAbortOnError(__DMA_HandleTypeDef*) 0x08001bdf   Thumb Code    16  stm32f4xx_hal_uart.o(i._Z20UART_DMAAbortOnErrorP19__DMA_HandleTypeDef)
    i._Z20UART_DMATransmitCpltP19__DMA_HandleTypeDef 0x08001bee   Section        0  stm32f4xx_hal_uart.o(i._Z20UART_DMATransmitCpltP19__DMA_HandleTypeDef)
    UART_DMATransmitCplt(__DMA_HandleTypeDef*) 0x08001bef   Thumb Code    46  stm32f4xx_hal_uart.o(i._Z20UART_DMATransmitCpltP19__DMA_HandleTypeDef)
    i._Z23DMA_CalcBaseAndBitshiftP19__DMA_HandleTypeDef 0x08001c1c   Section        0  stm32f4xx_hal_dma.o(i._Z23DMA_CalcBaseAndBitshiftP19__DMA_HandleTypeDef)
    DMA_CalcBaseAndBitshift(__DMA_HandleTypeDef*) 0x08001c1d   Thumb Code    34  stm32f4xx_hal_dma.o(i._Z23DMA_CalcBaseAndBitshiftP19__DMA_HandleTypeDef)
    i._Z24TIM_TI1_ConfigInputStageP11TIM_TypeDefjj 0x08001c44   Section        0  stm32f4xx_hal_tim.o(i._Z24TIM_TI1_ConfigInputStageP11TIM_TypeDefjj)
    TIM_TI1_ConfigInputStage(TIM_TypeDef*, unsigned, unsigned) 0x08001c45   Thumb Code    34  stm32f4xx_hal_tim.o(i._Z24TIM_TI1_ConfigInputStageP11TIM_TypeDefjj)
    i._Z24TIM_TI2_ConfigInputStageP11TIM_TypeDefjj 0x08001c66   Section        0  stm32f4xx_hal_tim.o(i._Z24TIM_TI2_ConfigInputStageP11TIM_TypeDefjj)
    TIM_TI2_ConfigInputStage(TIM_TypeDef*, unsigned, unsigned) 0x08001c67   Thumb Code    36  stm32f4xx_hal_tim.o(i._Z24TIM_TI2_ConfigInputStageP11TIM_TypeDefjj)
    i._ZN13STM32Hardware10reset_rbufEv       0x08001c8a   Section        0  mainpp.o(i._ZN13STM32Hardware10reset_rbufEv)
    i._ZN13STM32Hardware5flushEv             0x08001c98   Section        0  mainpp.o(i._ZN13STM32Hardware5flushEv)
    i._ZN14rosserial_msgs20RequestParamResponse11deserializeEPh 0x08001cec   Section        0  mainpp.o(i._ZN14rosserial_msgs20RequestParamResponse11deserializeEPh)
    i._ZN14rosserial_msgs20RequestParamResponse6getMD5Ev 0x08001ddc   Section        0  mainpp.o(i._ZN14rosserial_msgs20RequestParamResponse6getMD5Ev)
    i._ZN14rosserial_msgs20RequestParamResponse7getTypeEv 0x08001de4   Section        0  mainpp.o(i._ZN14rosserial_msgs20RequestParamResponse7getTypeEv)
    i._ZN14rosserial_msgs3Log6getMD5Ev       0x08001dec   Section        0  mainpp.o(i._ZN14rosserial_msgs3Log6getMD5Ev)
    i._ZN14rosserial_msgs3Log7getTypeEv      0x08001df4   Section        0  mainpp.o(i._ZN14rosserial_msgs3Log7getTypeEv)
    i._ZN14rosserial_msgs9TopicInfo6getMD5Ev 0x08001dfc   Section        0  mainpp.o(i._ZN14rosserial_msgs9TopicInfo6getMD5Ev)
    i._ZN14rosserial_msgs9TopicInfo7getTypeEv 0x08001e04   Section        0  mainpp.o(i._ZN14rosserial_msgs9TopicInfo7getTypeEv)
    i._ZN3ros16normalizeSecNSecERmS0_        0x08001e0c   Section        0  time.o(i._ZN3ros16normalizeSecNSecERmS0_)
    i._ZN8std_msgs4Time11deserializeEPh      0x08001e2c   Section        0  mainpp.o(i._ZN8std_msgs4Time11deserializeEPh)
    i._ZN8std_msgs4Time6getMD5Ev             0x08001e6c   Section        0  mainpp.o(i._ZN8std_msgs4Time6getMD5Ev)
    i._ZN8std_msgs4Time7getTypeEv            0x08001e74   Section        0  mainpp.o(i._ZN8std_msgs4Time7getTypeEv)
    i._ZN8std_msgs4TimeC1Ev                  0x08001e7c   Section        0  mainpp.o(i._ZN8std_msgs4TimeC1Ev)
    i._ZN8std_msgs6String11deserializeEPh    0x08001e8c   Section        0  mainpp.o(i._ZN8std_msgs6String11deserializeEPh)
    i._ZN8std_msgs6String6getMD5Ev           0x08001eb8   Section        0  mainpp.o(i._ZN8std_msgs6String6getMD5Ev)
    i._ZN8std_msgs6String7getTypeEv          0x08001ec0   Section        0  mainpp.o(i._ZN8std_msgs6String7getTypeEv)
    i._ZNK14rosserial_msgs20RequestParamResponse9serializeEPh 0x08001ec8   Section        0  mainpp.o(i._ZNK14rosserial_msgs20RequestParamResponse9serializeEPh)
    i._ZNK14rosserial_msgs3Log9serializeEPh  0x08001f84   Section        0  mainpp.o(i._ZNK14rosserial_msgs3Log9serializeEPh)
    i._ZNK14rosserial_msgs9TopicInfo9serializeEPh 0x08001fa8   Section        0  mainpp.o(i._ZNK14rosserial_msgs9TopicInfo9serializeEPh)
    i._ZNK8std_msgs4Time9serializeEPh        0x0800201e   Section        0  mainpp.o(i._ZNK8std_msgs4Time9serializeEPh)
    i._ZNK8std_msgs6String9serializeEPh      0x08002050   Section        0  mainpp.o(i._ZNK8std_msgs6String9serializeEPh)
    i.__free$realloc                         0x08002070   Section        0  mallocr.o(i.__free$realloc)
    i.__malloc$realloc                       0x080020cc   Section        0  mallocr.o(i.__malloc$realloc)
    i.__scatterload_copy                     0x0800211c   Section       14  handlers.o(i.__scatterload_copy)
    i.__scatterload_null                     0x0800212a   Section        2  handlers.o(i.__scatterload_null)
    i.__scatterload_zeroinit                 0x0800212c   Section       14  handlers.o(i.__scatterload_zeroinit)
    i.__sti___10_mainpp_cpp_nh               0x0800213c   Section        0  mainpp.o(i.__sti___10_mainpp_cpp_nh)
    __sti___10_mainpp_cpp_nh                 0x0800213d   Thumb Code    50  mainpp.o(i.__sti___10_mainpp_cpp_nh)
    i.internal_alloc                         0x080021a0   Section        0  mallocr.o(i.internal_alloc)
    internal_alloc                           0x080021a1   Thumb Code    76  mallocr.o(i.internal_alloc)
    i.loop                                   0x080021f0   Section        0  mainpp.o(i.loop)
    i.main                                   0x08002208   Section        0  main.o(i.main)
    i.realloc                                0x0800222c   Section        0  mallocr.o(i.realloc)
    i.setup                                  0x08002298   Section        0  mainpp.o(i.setup)
    t._ZN3ros10SubscriberIN8std_msgs6StringEE10getMsgTypeEv 0x08002310   Section        0  mainpp.o(t._ZN3ros10SubscriberIN8std_msgs6StringEE10getMsgTypeEv)
    t._ZN3ros10SubscriberIN8std_msgs6StringEE15getEndpointTypeEv 0x08002318   Section        0  mainpp.o(t._ZN3ros10SubscriberIN8std_msgs6StringEE15getEndpointTypeEv)
    t._ZN3ros10SubscriberIN8std_msgs6StringEE8callbackEPh 0x0800231c   Section        0  mainpp.o(t._ZN3ros10SubscriberIN8std_msgs6StringEE8callbackEPh)
    t._ZN3ros10SubscriberIN8std_msgs6StringEE9getMsgMD5Ev 0x08002334   Section        0  mainpp.o(t._ZN3ros10SubscriberIN8std_msgs6StringEE9getMsgMD5Ev)
    t._ZN3ros11NodeHandle_I13STM32HardwareLi25ELi25ELi512ELi512EE15negotiateTopicsEv 0x0800233c   Section        0  mainpp.o(t._ZN3ros11NodeHandle_I13STM32HardwareLi25ELi25ELi512ELi512EE15negotiateTopicsEv)
    t._ZN3ros11NodeHandle_I13STM32HardwareLi25ELi25ELi512ELi512EE15requestSyncTimeEv 0x080023f8   Section        0  mainpp.o(t._ZN3ros11NodeHandle_I13STM32HardwareLi25ELi25ELi512ELi512EE15requestSyncTimeEv)
    t._ZN3ros11NodeHandle_I13STM32HardwareLi25ELi25ELi512ELi512EE7publishEiPKNS_3MsgE 0x0800241c   Section        0  mainpp.o(t._ZN3ros11NodeHandle_I13STM32HardwareLi25ELi25ELi512ELi512EE7publishEiPKNS_3MsgE)
    t._ZN3ros11NodeHandle_I13STM32HardwareLi25ELi25ELi512ELi512EE8spinOnceEv 0x08002520   Section        0  mainpp.o(t._ZN3ros11NodeHandle_I13STM32HardwareLi25ELi25ELi512ELi512EE8spinOnceEv)
    t._ZN3ros11NodeHandle_I13STM32HardwareLi25ELi25ELi512ELi512EEC1Ev 0x080027ac   Section        0  mainpp.o(t._ZN3ros11NodeHandle_I13STM32HardwareLi25ELi25ELi512ELi512EEC1Ev)
    .constdata                               0x08002838   Section       28  mainpp.o(.constdata)
    rosserial_msgs::REQUESTPARAM             0x08002838   Data          28  mainpp.o(.constdata)
    .constdata                               0x08002854   Section        8  stm32f4xx_hal_dma.o(.constdata)
    flagBitshiftOffset                       0x08002854   Data           8  stm32f4xx_hal_dma.o(.constdata)
    .constdata                               0x0800285c   Section       16  system_stm32f4xx.o(.constdata)
    .constdata                               0x0800286c   Section        8  system_stm32f4xx.o(.constdata)
    .constdata__ZTVN14rosserial_msgs20RequestParamResponseE 0x08002874   Section       24  mainpp.o(.constdata__ZTVN14rosserial_msgs20RequestParamResponseE)
    .constdata__ZTVN14rosserial_msgs3LogE    0x0800288c   Section       24  mainpp.o(.constdata__ZTVN14rosserial_msgs3LogE)
    .constdata__ZTVN14rosserial_msgs9TopicInfoE 0x080028a4   Section       24  mainpp.o(.constdata__ZTVN14rosserial_msgs9TopicInfoE)
    .constdata__ZTVN3ros10SubscriberIN8std_msgs6StringEEE 0x080028bc   Section       24  mainpp.o(.constdata__ZTVN3ros10SubscriberIN8std_msgs6StringEEE)
    .constdata__ZTVN3ros11NodeHandle_I13STM32HardwareLi25ELi25ELi512ELi512EEE 0x080028d4   Section       20  mainpp.o(.constdata__ZTVN3ros11NodeHandle_I13STM32HardwareLi25ELi25ELi512ELi512EEE)
    .constdata__ZTVN8std_msgs4TimeE          0x080028e8   Section       24  mainpp.o(.constdata__ZTVN8std_msgs4TimeE)
    .constdata__ZTVN8std_msgs6StringE        0x08002900   Section       24  mainpp.o(.constdata__ZTVN8std_msgs6StringE)
    .constdata__ZZN14rosserial_msgs20RequestParamResponse6getMD5EvEs 0x08002918   Section       33  mainpp.o(.constdata__ZZN14rosserial_msgs20RequestParamResponse6getMD5EvEs)
    .constdata__ZZN14rosserial_msgs3Log6getMD5EvEs 0x08002939   Section       33  mainpp.o(.constdata__ZZN14rosserial_msgs3Log6getMD5EvEs)
    .constdata__ZZN14rosserial_msgs3Log7getTypeEvEs 0x0800295a   Section       19  mainpp.o(.constdata__ZZN14rosserial_msgs3Log7getTypeEvEs)
    .constdata__ZZN14rosserial_msgs9TopicInfo6getMD5EvEs 0x0800296d   Section       33  mainpp.o(.constdata__ZZN14rosserial_msgs9TopicInfo6getMD5EvEs)
    .constdata__ZZN14rosserial_msgs9TopicInfo7getTypeEvEs 0x0800298e   Section       25  mainpp.o(.constdata__ZZN14rosserial_msgs9TopicInfo7getTypeEvEs)
    .constdata__ZZN3ros11NodeHandle_I13STM32HardwareLi25ELi25ELi512ELi512EE7publishEiPKNS_3MsgEEs 0x080029a7   Section       57  mainpp.o(.constdata__ZZN3ros11NodeHandle_I13STM32HardwareLi25ELi25ELi512ELi512EE7publishEiPKNS_3MsgEEs)
    .constdata__ZZN8std_msgs4Time6getMD5EvEs 0x080029e0   Section       33  mainpp.o(.constdata__ZZN8std_msgs4Time6getMD5EvEs)
    .constdata__ZZN8std_msgs4Time7getTypeEvEs 0x08002a01   Section       14  mainpp.o(.constdata__ZZN8std_msgs4Time7getTypeEvEs)
    .constdata__ZZN8std_msgs6String6getMD5EvEs 0x08002a0f   Section       33  mainpp.o(.constdata__ZZN8std_msgs6String6getMD5EvEs)
    .constdata__ZZN8std_msgs6String7getTypeEvEs 0x08002a30   Section       16  mainpp.o(.constdata__ZZN8std_msgs6String7getTypeEvEs)
    .init_array                              0x08002a60   Section        4  mainpp.o(.init_array)
    .init_array                              0x08002a64   Section        0  cpp_init.o(.init_array)
    .data                                    0x20000000   Section        8  mainpp.o(.data)
    .data                                    0x20000008   Section       12  stm32f4xx_hal.o(.data)
    .data                                    0x20000014   Section        4  system_stm32f4xx.o(.data)
    .data                                    0x20000018   Section        4  mvars.o(.data)
    .data                                    0x2000001c   Section        4  mvars.o(.data)
    .data__ZZN13STM32Hardware5flushEvE5mutex 0x20000020   Section        1  mainpp.o(.data__ZZN13STM32Hardware5flushEvE5mutex)
    .bss                                     0x20000024   Section       64  tim.o(.bss)
    .bss                                     0x20000064   Section      256  usart.o(.bss)
    .bss                                     0x20000164   Section     1772  mainpp.o(.bss)
    HEAP                                     0x20000850   Section      512  startup_stm32f427xx.o(HEAP)
    STACK                                    0x20000a50   Section     1024  startup_stm32f427xx.o(STACK)

    Global Symbols

    Symbol Name                              Value     Ov Type        Size  Object(Section)

    BuildAttributes$$THM_ISAv4$E$P$D$K$B$S$7EM$VFPi3$EXTD16$VFPS$VFMA$PE$A:L22UL41UL21$X:L11$S22US41US21$IEEE1$IW$USESV6$~STKCKD$USESV7$~SHL$OSPACE$EBA8$UX$MICROLIB$REQ8$PRES8$EABIv2 0x00000000   Number         0  anon$$obj.o ABSOLUTE
    __ARM_use_no_argv                        0x00000000   Number         0  main.o ABSOLUTE
    __ARM::default_unexpected_handler()       - Undefined Weak Reference
    __ARM_exceptions_buffer_required          - Undefined Weak Reference
    __cxa_finalize                            - Undefined Weak Reference
    __decompress                              - Undefined Weak Reference
    _clock_init                               - Undefined Weak Reference
    _microlib_exit                            - Undefined Weak Reference
    __Vectors_Size                           0x000001ac   Number         0  startup_stm32f427xx.o ABSOLUTE
    __Vectors                                0x08000000   Data           4  startup_stm32f427xx.o(RESET)
    __Vectors_End                            0x080001ac   Data           0  startup_stm32f427xx.o(RESET)
    __main                                   0x080001ad   Thumb Code     0  entry.o(.ARM.Collect$$$$00000000)
    _main_stk                                0x080001ad   Thumb Code     0  entry2.o(.ARM.Collect$$$$00000001)
    _main_scatterload                        0x080001b1   Thumb Code     0  entry5.o(.ARM.Collect$$$$00000004)
    __main_after_scatterload                 0x080001b5   Thumb Code     0  entry5.o(.ARM.Collect$$$$00000004)
    _main_clock                              0x080001b5   Thumb Code     0  entry7b.o(.ARM.Collect$$$$00000008)
    _main_cpp_init$empty                     0x080001b5   Thumb Code     0  entry8a.o(.ARM.Collect$$$$00000009)
    _main_cpp_init                           0x080001b9   Thumb Code     0  entry8b.o(.ARM.Collect$$$$0000000A)
    _main_init                               0x080001b9   Thumb Code     0  entry9a.o(.ARM.Collect$$$$0000000B)
    __rt_final_cpp                           0x080001c1   Thumb Code     0  entry10a.o(.ARM.Collect$$$$0000000D)
    __rt_final_exit                          0x080001c1   Thumb Code     0  entry11a.o(.ARM.Collect$$$$0000000F)
    Reset_Handler                            0x080001c5   Thumb Code     8  startup_stm32f427xx.o(.text)
    ADC_IRQHandler                           0x080001df   Thumb Code     0  startup_stm32f427xx.o(.text)
    CAN1_RX0_IRQHandler                      0x080001df   Thumb Code     0  startup_stm32f427xx.o(.text)
    CAN1_RX1_IRQHandler                      0x080001df   Thumb Code     0  startup_stm32f427xx.o(.text)
    CAN1_SCE_IRQHandler                      0x080001df   Thumb Code     0  startup_stm32f427xx.o(.text)
    CAN1_TX_IRQHandler                       0x080001df   Thumb Code     0  startup_stm32f427xx.o(.text)
    CAN2_RX0_IRQHandler                      0x080001df   Thumb Code     0  startup_stm32f427xx.o(.text)
    CAN2_RX1_IRQHandler                      0x080001df   Thumb Code     0  startup_stm32f427xx.o(.text)
    CAN2_SCE_IRQHandler                      0x080001df   Thumb Code     0  startup_stm32f427xx.o(.text)
    CAN2_TX_IRQHandler                       0x080001df   Thumb Code     0  startup_stm32f427xx.o(.text)
    DCMI_IRQHandler                          0x080001df   Thumb Code     0  startup_stm32f427xx.o(.text)
    DMA1_Stream0_IRQHandler                  0x080001df   Thumb Code     0  startup_stm32f427xx.o(.text)
    DMA1_Stream1_IRQHandler                  0x080001df   Thumb Code     0  startup_stm32f427xx.o(.text)
    DMA1_Stream2_IRQHandler                  0x080001df   Thumb Code     0  startup_stm32f427xx.o(.text)
    DMA1_Stream3_IRQHandler                  0x080001df   Thumb Code     0  startup_stm32f427xx.o(.text)
    DMA1_Stream4_IRQHandler                  0x080001df   Thumb Code     0  startup_stm32f427xx.o(.text)
    DMA1_Stream5_IRQHandler                  0x080001df   Thumb Code     0  startup_stm32f427xx.o(.text)
    DMA1_Stream6_IRQHandler                  0x080001df   Thumb Code     0  startup_stm32f427xx.o(.text)
    DMA1_Stream7_IRQHandler                  0x080001df   Thumb Code     0  startup_stm32f427xx.o(.text)
    DMA2D_IRQHandler                         0x080001df   Thumb Code     0  startup_stm32f427xx.o(.text)
    DMA2_Stream0_IRQHandler                  0x080001df   Thumb Code     0  startup_stm32f427xx.o(.text)
    DMA2_Stream2_IRQHandler                  0x080001df   Thumb Code     0  startup_stm32f427xx.o(.text)
    DMA2_Stream3_IRQHandler                  0x080001df   Thumb Code     0  startup_stm32f427xx.o(.text)
    DMA2_Stream4_IRQHandler                  0x080001df   Thumb Code     0  startup_stm32f427xx.o(.text)
    DMA2_Stream5_IRQHandler                  0x080001df   Thumb Code     0  startup_stm32f427xx.o(.text)
    DMA2_Stream7_IRQHandler                  0x080001df   Thumb Code     0  startup_stm32f427xx.o(.text)
    ETH_IRQHandler                           0x080001df   Thumb Code     0  startup_stm32f427xx.o(.text)
    ETH_WKUP_IRQHandler                      0x080001df   Thumb Code     0  startup_stm32f427xx.o(.text)
    EXTI0_IRQHandler                         0x080001df   Thumb Code     0  startup_stm32f427xx.o(.text)
    EXTI15_10_IRQHandler                     0x080001df   Thumb Code     0  startup_stm32f427xx.o(.text)
    EXTI1_IRQHandler                         0x080001df   Thumb Code     0  startup_stm32f427xx.o(.text)
    EXTI2_IRQHandler                         0x080001df   Thumb Code     0  startup_stm32f427xx.o(.text)
    EXTI3_IRQHandler                         0x080001df   Thumb Code     0  startup_stm32f427xx.o(.text)
    EXTI4_IRQHandler                         0x080001df   Thumb Code     0  startup_stm32f427xx.o(.text)
    EXTI9_5_IRQHandler                       0x080001df   Thumb Code     0  startup_stm32f427xx.o(.text)
    FLASH_IRQHandler                         0x080001df   Thumb Code     0  startup_stm32f427xx.o(.text)
    FMC_IRQHandler                           0x080001df   Thumb Code     0  startup_stm32f427xx.o(.text)
    FPU_IRQHandler                           0x080001df   Thumb Code     0  startup_stm32f427xx.o(.text)
    HASH_RNG_IRQHandler                      0x080001df   Thumb Code     0  startup_stm32f427xx.o(.text)
    I2C1_ER_IRQHandler                       0x080001df   Thumb Code     0  startup_stm32f427xx.o(.text)
    I2C1_EV_IRQHandler                       0x080001df   Thumb Code     0  startup_stm32f427xx.o(.text)
    I2C2_ER_IRQHandler                       0x080001df   Thumb Code     0  startup_stm32f427xx.o(.text)
    I2C2_EV_IRQHandler                       0x080001df   Thumb Code     0  startup_stm32f427xx.o(.text)
    I2C3_ER_IRQHandler                       0x080001df   Thumb Code     0  startup_stm32f427xx.o(.text)
    I2C3_EV_IRQHandler                       0x080001df   Thumb Code     0  startup_stm32f427xx.o(.text)
    OTG_FS_IRQHandler                        0x080001df   Thumb Code     0  startup_stm32f427xx.o(.text)
    OTG_FS_WKUP_IRQHandler                   0x080001df   Thumb Code     0  startup_stm32f427xx.o(.text)
    OTG_HS_EP1_IN_IRQHandler                 0x080001df   Thumb Code     0  startup_stm32f427xx.o(.text)
    OTG_HS_EP1_OUT_IRQHandler                0x080001df   Thumb Code     0  startup_stm32f427xx.o(.text)
    OTG_HS_IRQHandler                        0x080001df   Thumb Code     0  startup_stm32f427xx.o(.text)
    OTG_HS_WKUP_IRQHandler                   0x080001df   Thumb Code     0  startup_stm32f427xx.o(.text)
    PVD_IRQHandler                           0x080001df   Thumb Code     0  startup_stm32f427xx.o(.text)
    RCC_IRQHandler                           0x080001df   Thumb Code     0  startup_stm32f427xx.o(.text)
    RTC_Alarm_IRQHandler                     0x080001df   Thumb Code     0  startup_stm32f427xx.o(.text)
    RTC_WKUP_IRQHandler                      0x080001df   Thumb Code     0  startup_stm32f427xx.o(.text)
    SAI1_IRQHandler                          0x080001df   Thumb Code     0  startup_stm32f427xx.o(.text)
    SDIO_IRQHandler                          0x080001df   Thumb Code     0  startup_stm32f427xx.o(.text)
    SPI1_IRQHandler                          0x080001df   Thumb Code     0  startup_stm32f427xx.o(.text)
    SPI2_IRQHandler                          0x080001df   Thumb Code     0  startup_stm32f427xx.o(.text)
    SPI3_IRQHandler                          0x080001df   Thumb Code     0  startup_stm32f427xx.o(.text)
    SPI4_IRQHandler                          0x080001df   Thumb Code     0  startup_stm32f427xx.o(.text)
    SPI5_IRQHandler                          0x080001df   Thumb Code     0  startup_stm32f427xx.o(.text)
    SPI6_IRQHandler                          0x080001df   Thumb Code     0  startup_stm32f427xx.o(.text)
    TAMP_STAMP_IRQHandler                    0x080001df   Thumb Code     0  startup_stm32f427xx.o(.text)
    TIM1_BRK_TIM9_IRQHandler                 0x080001df   Thumb Code     0  startup_stm32f427xx.o(.text)
    TIM1_CC_IRQHandler                       0x080001df   Thumb Code     0  startup_stm32f427xx.o(.text)
    TIM1_TRG_COM_TIM11_IRQHandler            0x080001df   Thumb Code     0  startup_stm32f427xx.o(.text)
    TIM1_UP_TIM10_IRQHandler                 0x080001df   Thumb Code     0  startup_stm32f427xx.o(.text)
    TIM2_IRQHandler                          0x080001df   Thumb Code     0  startup_stm32f427xx.o(.text)
    TIM3_IRQHandler                          0x080001df   Thumb Code     0  startup_stm32f427xx.o(.text)
    TIM4_IRQHandler                          0x080001df   Thumb Code     0  startup_stm32f427xx.o(.text)
    TIM5_IRQHandler                          0x080001df   Thumb Code     0  startup_stm32f427xx.o(.text)
    TIM6_DAC_IRQHandler                      0x080001df   Thumb Code     0  startup_stm32f427xx.o(.text)
    TIM7_IRQHandler                          0x080001df   Thumb Code     0  startup_stm32f427xx.o(.text)
    TIM8_BRK_TIM12_IRQHandler                0x080001df   Thumb Code     0  startup_stm32f427xx.o(.text)
    TIM8_CC_IRQHandler                       0x080001df   Thumb Code     0  startup_stm32f427xx.o(.text)
    TIM8_TRG_COM_TIM14_IRQHandler            0x080001df   Thumb Code     0  startup_stm32f427xx.o(.text)
    TIM8_UP_TIM13_IRQHandler                 0x080001df   Thumb Code     0  startup_stm32f427xx.o(.text)
    UART4_IRQHandler                         0x080001df   Thumb Code     0  startup_stm32f427xx.o(.text)
    UART5_IRQHandler                         0x080001df   Thumb Code     0  startup_stm32f427xx.o(.text)
    UART7_IRQHandler                         0x080001df   Thumb Code     0  startup_stm32f427xx.o(.text)
    UART8_IRQHandler                         0x080001df   Thumb Code     0  startup_stm32f427xx.o(.text)
    USART1_IRQHandler                        0x080001df   Thumb Code     0  startup_stm32f427xx.o(.text)
    USART2_IRQHandler                        0x080001df   Thumb Code     0  startup_stm32f427xx.o(.text)
    USART3_IRQHandler                        0x080001df   Thumb Code     0  startup_stm32f427xx.o(.text)
    WWDG_IRQHandler                          0x080001df   Thumb Code     0  startup_stm32f427xx.o(.text)
    __aeabi_uldivmod                         0x080001e9   Thumb Code    98  uldiv.o(.text)
    __aeabi_memcpy                           0x0800024b   Thumb Code    36  memcpya.o(.text)
    __aeabi_memcpy4                          0x0800024b   Thumb Code     0  memcpya.o(.text)
    __aeabi_memcpy8                          0x0800024b   Thumb Code     0  memcpya.o(.text)
    __aeabi_memset                           0x0800026f   Thumb Code    14  memseta.o(.text)
    __aeabi_memset4                          0x0800026f   Thumb Code     0  memseta.o(.text)
    __aeabi_memset8                          0x0800026f   Thumb Code     0  memseta.o(.text)
    __aeabi_memclr                           0x0800027d   Thumb Code     4  memseta.o(.text)
    __aeabi_memclr4                          0x0800027d   Thumb Code     0  memseta.o(.text)
    __aeabi_memclr8                          0x0800027d   Thumb Code     0  memseta.o(.text)
    _memset$wrapper                          0x08000281   Thumb Code    18  memseta.o(.text)
    strlen                                   0x08000293   Thumb Code    14  strlen.o(.text)
    __cpp_initialize__aeabi_                 0x080002a1   Thumb Code    22  cpp_init.o(.text)
    __aeabi_llsl                             0x080002c1   Thumb Code    30  llshl.o(.text)
    _ll_shift_l                              0x080002c1   Thumb Code     0  llshl.o(.text)
    __aeabi_llsr                             0x080002df   Thumb Code    32  llushr.o(.text)
    _ll_ushift_r                             0x080002df   Thumb Code     0  llushr.o(.text)
    __scatterload                            0x08000301   Thumb Code    28  init.o(.text)
    __scatterload_rt2                        0x08000301   Thumb Code     0  init.o(.text)
    BusFault_Handler                         0x08000325   Thumb Code     2  stm32f4xx_it.o(i.BusFault_Handler)
    DMA2_Stream1_IRQHandler                  0x08000329   Thumb Code     6  stm32f4xx_it.o(i.DMA2_Stream1_IRQHandler)
    DMA2_Stream6_IRQHandler                  0x08000335   Thumb Code     6  stm32f4xx_it.o(i.DMA2_Stream6_IRQHandler)
    DebugMon_Handler                         0x08000341   Thumb Code     2  stm32f4xx_it.o(i.DebugMon_Handler)
    Error_Handler                            0x08000343   Thumb Code     2  main.o(i.Error_Handler)
    HAL_DMA_Abort_IT                         0x08000345   Thumb Code    36  stm32f4xx_hal_dma.o(i.HAL_DMA_Abort_IT)
    HAL_DMA_IRQHandler                       0x08000369   Thumb Code   412  stm32f4xx_hal_dma.o(i.HAL_DMA_IRQHandler)
    HAL_DMA_Init                             0x08000509   Thumb Code   206  stm32f4xx_hal_dma.o(i.HAL_DMA_Init)
    HAL_DMA_Start_IT                         0x080005dd   Thumb Code   120  stm32f4xx_hal_dma.o(i.HAL_DMA_Start_IT)
    HAL_Delay                                0x08000655   Thumb Code    32  stm32f4xx_hal.o(i.HAL_Delay)
    HAL_GPIO_Init                            0x08000679   Thumb Code   408  stm32f4xx_hal_gpio.o(i.HAL_GPIO_Init)
    HAL_GetTick                              0x08000845   Thumb Code     6  stm32f4xx_hal.o(i.HAL_GetTick)
    HAL_IncTick                              0x08000851   Thumb Code    12  stm32f4xx_hal.o(i.HAL_IncTick)
    HAL_Init                                 0x08000861   Thumb Code    48  stm32f4xx_hal.o(i.HAL_Init)
    HAL_InitTick                             0x08000895   Thumb Code    54  stm32f4xx_hal.o(i.HAL_InitTick)
    HAL_MspInit                              0x080008d5   Thumb Code    42  stm32f4xx_hal_msp.o(i.HAL_MspInit)
    HAL_NVIC_EnableIRQ                       0x08000905   Thumb Code    26  stm32f4xx_hal_cortex.o(i.HAL_NVIC_EnableIRQ)
    HAL_NVIC_SetPriority                     0x08000921   Thumb Code    60  stm32f4xx_hal_cortex.o(i.HAL_NVIC_SetPriority)
    HAL_NVIC_SetPriorityGrouping             0x08000961   Thumb Code    26  stm32f4xx_hal_cortex.o(i.HAL_NVIC_SetPriorityGrouping)
    HAL_RCC_ClockConfig                      0x08000985   Thumb Code   286  stm32f4xx_hal_rcc.o(i.HAL_RCC_ClockConfig)
    HAL_RCC_GetPCLK1Freq                     0x08000ab5   Thumb Code    20  stm32f4xx_hal_rcc.o(i.HAL_RCC_GetPCLK1Freq)
    HAL_RCC_GetPCLK2Freq                     0x08000ad5   Thumb Code    20  stm32f4xx_hal_rcc.o(i.HAL_RCC_GetPCLK2Freq)
    HAL_RCC_GetSysClockFreq                  0x08000af5   Thumb Code    88  stm32f4xx_hal_rcc.o(i.HAL_RCC_GetSysClockFreq)
    HAL_RCC_OscConfig                        0x08000b59   Thumb Code   770  stm32f4xx_hal_rcc.o(i.HAL_RCC_OscConfig)
    HAL_SYSTICK_Config                       0x08000e75   Thumb Code    40  stm32f4xx_hal_cortex.o(i.HAL_SYSTICK_Config)
    HAL_TIMEx_MasterConfigSynchronization    0x08000e9d   Thumb Code    66  stm32f4xx_hal_tim_ex.o(i.HAL_TIMEx_MasterConfigSynchronization)
    HAL_TIM_Base_Init                        0x08000edf   Thumb Code    54  stm32f4xx_hal_tim.o(i.HAL_TIM_Base_Init)
    HAL_TIM_Base_MspInit                     0x08000f15   Thumb Code    30  tim.o(i.HAL_TIM_Base_MspInit)
    HAL_TIM_Base_Start                       0x08000f39   Thumb Code    36  stm32f4xx_hal_tim.o(i.HAL_TIM_Base_Start)
    HAL_TIM_ConfigClockSource                0x08000f5d   Thumb Code   214  stm32f4xx_hal_tim.o(i.HAL_TIM_ConfigClockSource)
    HAL_UART_ErrorCallback                   0x08001033   Thumb Code     2  stm32f4xx_hal_uart.o(i.HAL_UART_ErrorCallback)
    HAL_UART_IRQHandler                      0x08001035   Thumb Code   266  stm32f4xx_hal_uart.o(i.HAL_UART_IRQHandler)
    HAL_UART_Init                            0x08001145   Thumb Code    98  stm32f4xx_hal_uart.o(i.HAL_UART_Init)
    HAL_UART_MspInit                         0x080011a9   Thumb Code   214  usart.o(i.HAL_UART_MspInit)
    HAL_UART_Receive_DMA                     0x08001295   Thumb Code   138  stm32f4xx_hal_uart.o(i.HAL_UART_Receive_DMA)
    HAL_UART_RxCpltCallback                  0x0800132d   Thumb Code     6  mainpp.o(i.HAL_UART_RxCpltCallback)
    HAL_UART_RxHalfCpltCallback              0x08001339   Thumb Code     2  stm32f4xx_hal_uart.o(i.HAL_UART_RxHalfCpltCallback)
    HAL_UART_Transmit_DMA                    0x0800133d   Thumb Code   114  stm32f4xx_hal_uart.o(i.HAL_UART_Transmit_DMA)
    HAL_UART_TxCpltCallback                  0x080013bd   Thumb Code     6  mainpp.o(i.HAL_UART_TxCpltCallback)
    HAL_UART_TxHalfCpltCallback              0x080013c9   Thumb Code     2  stm32f4xx_hal_uart.o(i.HAL_UART_TxHalfCpltCallback)
    HardFault_Handler                        0x080013cb   Thumb Code     2  stm32f4xx_it.o(i.HardFault_Handler)
    MX_DMA_Init                              0x080013cd   Thumb Code    56  dma.o(i.MX_DMA_Init)
    MX_GPIO_Init                             0x08001409   Thumb Code    54  gpio.o(i.MX_GPIO_Init)
    MX_TIM2_Init                             0x08001445   Thumb Code    90  tim.o(i.MX_TIM2_Init)
    MX_USART6_UART_Init                      0x080014a5   Thumb Code    48  usart.o(i.MX_USART6_UART_Init)
    MemManage_Handler                        0x080014dd   Thumb Code     2  stm32f4xx_it.o(i.MemManage_Handler)
    NMI_Handler                              0x080014df   Thumb Code     2  stm32f4xx_it.o(i.NMI_Handler)
    PendSV_Handler                           0x080014e1   Thumb Code     2  stm32f4xx_it.o(i.PendSV_Handler)
    SVC_Handler                              0x080014e3   Thumb Code     2  stm32f4xx_it.o(i.SVC_Handler)
    SysTick_Handler                          0x080014e5   Thumb Code     4  stm32f4xx_it.o(i.SysTick_Handler)
    SystemInit                               0x080014e9   Thumb Code    66  system_stm32f4xx.o(i.SystemInit)
    TIM_Base_SetConfig                       0x0800153d   Thumb Code   156  stm32f4xx_hal_tim.o(i.TIM_Base_SetConfig)
    TIM_ETR_SetConfig                        0x08001605   Thumb Code    20  stm32f4xx_hal_tim.o(i.TIM_ETR_SetConfig)
    USART6_IRQHandler                        0x08001619   Thumb Code     6  stm32f4xx_it.o(i.USART6_IRQHandler)
    UsageFault_Handler                       0x08001625   Thumb Code     2  stm32f4xx_it.o(i.UsageFault_Handler)
    command_callback(const std_msgs::String&) 0x08001a3d   Thumb Code    20  mainpp.o(i._Z16command_callbackRKN8std_msgs6StringE)
    SystemClock_Config()                     0x08001aad   Thumb Code   124  main.o(i._Z18SystemClock_Configv)
    STM32Hardware::reset_rbuf()              0x08001c8b   Thumb Code    14  mainpp.o(i._ZN13STM32Hardware10reset_rbufEv)
    STM32Hardware::flush()                   0x08001c99   Thumb Code    80  mainpp.o(i._ZN13STM32Hardware5flushEv)
    rosserial_msgs::RequestParamResponse::deserialize(unsigned char*) 0x08001ced   Thumb Code   238  mainpp.o(i._ZN14rosserial_msgs20RequestParamResponse11deserializeEPh)
    rosserial_msgs::RequestParamResponse::getMD5() 0x08001ddd   Thumb Code     4  mainpp.o(i._ZN14rosserial_msgs20RequestParamResponse6getMD5Ev)
    rosserial_msgs::RequestParamResponse::getType() 0x08001de5   Thumb Code     4  mainpp.o(i._ZN14rosserial_msgs20RequestParamResponse7getTypeEv)
    rosserial_msgs::Log::getMD5()            0x08001ded   Thumb Code     4  mainpp.o(i._ZN14rosserial_msgs3Log6getMD5Ev)
    rosserial_msgs::Log::getType()           0x08001df5   Thumb Code     4  mainpp.o(i._ZN14rosserial_msgs3Log7getTypeEv)
    rosserial_msgs::TopicInfo::getMD5()      0x08001dfd   Thumb Code     4  mainpp.o(i._ZN14rosserial_msgs9TopicInfo6getMD5Ev)
    rosserial_msgs::TopicInfo::getType()     0x08001e05   Thumb Code     4  mainpp.o(i._ZN14rosserial_msgs9TopicInfo7getTypeEv)
    ros::normalizeSecNSec(unsigned long&, unsigned long&) 0x08001e0d   Thumb Code    28  time.o(i._ZN3ros16normalizeSecNSecERmS0_)
    std_msgs::Time::deserialize(unsigned char*) 0x08001e2d   Thumb Code    62  mainpp.o(i._ZN8std_msgs4Time11deserializeEPh)
    std_msgs::Time::getMD5()                 0x08001e6d   Thumb Code     4  mainpp.o(i._ZN8std_msgs4Time6getMD5Ev)
    std_msgs::Time::getType()                0x08001e75   Thumb Code     4  mainpp.o(i._ZN8std_msgs4Time7getTypeEv)
    std_msgs::Time::Time()                   0x08001e7d   Thumb Code    12  mainpp.o(i._ZN8std_msgs4TimeC1Ev)
    std_msgs::Time::Time__sub_object()       0x08001e7d   Thumb Code     0  mainpp.o(i._ZN8std_msgs4TimeC1Ev)
    std_msgs::String::deserialize(unsigned char*) 0x08001e8d   Thumb Code    44  mainpp.o(i._ZN8std_msgs6String11deserializeEPh)
    std_msgs::String::getMD5()               0x08001eb9   Thumb Code     4  mainpp.o(i._ZN8std_msgs6String6getMD5Ev)
    std_msgs::String::getType()              0x08001ec1   Thumb Code     4  mainpp.o(i._ZN8std_msgs6String7getTypeEv)
    rosserial_msgs::RequestParamResponse::serialize(unsigned char*) const 0x08001ec9   Thumb Code   188  mainpp.o(i._ZNK14rosserial_msgs20RequestParamResponse9serializeEPh)
    rosserial_msgs::Log::serialize(unsigned char*) const 0x08001f85   Thumb Code    36  mainpp.o(i._ZNK14rosserial_msgs3Log9serializeEPh)
    rosserial_msgs::TopicInfo::serialize(unsigned char*) const 0x08001fa9   Thumb Code   118  mainpp.o(i._ZNK14rosserial_msgs9TopicInfo9serializeEPh)
    std_msgs::Time::serialize(unsigned char*) const 0x0800201f   Thumb Code    50  mainpp.o(i._ZNK8std_msgs4Time9serializeEPh)
    std_msgs::String::serialize(unsigned char*) const 0x08002051   Thumb Code    30  mainpp.o(i._ZNK8std_msgs6String9serializeEPh)
    __free$realloc                           0x08002071   Thumb Code    88  mallocr.o(i.__free$realloc)
    malloc                                   0x080020cd   Thumb Code    64  mallocr.o(i.__malloc$realloc)
    __scatterload_copy                       0x0800211d   Thumb Code    14  handlers.o(i.__scatterload_copy)
    __scatterload_null                       0x0800212b   Thumb Code     2  handlers.o(i.__scatterload_null)
    __scatterload_zeroinit                   0x0800212d   Thumb Code    14  handlers.o(i.__scatterload_zeroinit)
    loop                                     0x080021f1   Thumb Code    20  mainpp.o(i.loop)
    main                                     0x08002209   Thumb Code    34  main.o(i.main)
    realloc                                  0x0800222d   Thumb Code   102  mallocr.o(i.realloc)
    setup                                    0x08002299   Thumb Code   116  mainpp.o(i.setup)
    ros::Subscriber<std_msgs::String>::getMsgType() 0x08002311   Thumb Code     4  mainpp.o(t._ZN3ros10SubscriberIN8std_msgs6StringEE10getMsgTypeEv)
    ros::Subscriber<std_msgs::String>::getEndpointType() 0x08002319   Thumb Code     4  mainpp.o(t._ZN3ros10SubscriberIN8std_msgs6StringEE15getEndpointTypeEv)
    ros::Subscriber<std_msgs::String>::callback(unsigned char*) 0x0800231d   Thumb Code    22  mainpp.o(t._ZN3ros10SubscriberIN8std_msgs6StringEE8callbackEPh)
    ros::Subscriber<std_msgs::String>::getMsgMD5() 0x08002335   Thumb Code     4  mainpp.o(t._ZN3ros10SubscriberIN8std_msgs6StringEE9getMsgMD5Ev)
    ros::NodeHandle_<STM32Hardware, (int)25, (int)25, (int)512, (int)512>::negotiateTopics() 0x0800233d   Thumb Code   184  mainpp.o(t._ZN3ros11NodeHandle_I13STM32HardwareLi25ELi25ELi512ELi512EE15negotiateTopicsEv)
    ros::NodeHandle_<STM32Hardware, (int)25, (int)25, (int)512, (int)512>::requestSyncTime() 0x080023f9   Thumb Code    34  mainpp.o(t._ZN3ros11NodeHandle_I13STM32HardwareLi25ELi25ELi512ELi512EE15requestSyncTimeEv)
    ros::NodeHandle_<STM32Hardware, (int)25, (int)25, (int)512, (int)512>::publish(int, const ros::Msg*) 0x0800241d   Thumb Code   250  mainpp.o(t._ZN3ros11NodeHandle_I13STM32HardwareLi25ELi25ELi512ELi512EE7publishEiPKNS_3MsgE)
    ros::NodeHandle_<STM32Hardware, (int)25, (int)25, (int)512, (int)512>::spinOnce() 0x08002521   Thumb Code   640  mainpp.o(t._ZN3ros11NodeHandle_I13STM32HardwareLi25ELi25ELi512ELi512EE8spinOnceEv)
    ros::NodeHandle_<STM32Hardware, (int)25, (int)25, (int)512, (int)512>::NodeHandle_() 0x080027ad   Thumb Code   124  mainpp.o(t._ZN3ros11NodeHandle_I13STM32HardwareLi25ELi25ELi512ELi512EEC1Ev)
    ros::NodeHandle_<STM32Hardware, (int)25, (int)25, (int)512, (int)512>::NodeHandle___sub_object() 0x080027ad   Thumb Code     0  mainpp.o(t._ZN3ros11NodeHandle_I13STM32HardwareLi25ELi25ELi512ELi512EEC1Ev)
    AHBPrescTable                            0x0800285c   Data          16  system_stm32f4xx.o(.constdata)
    APBPrescTable                            0x0800286c   Data           8  system_stm32f4xx.o(.constdata)
    vtable for rosserial_msgs::RequestParamResponse 0x08002874   Data          24  mainpp.o(.constdata__ZTVN14rosserial_msgs20RequestParamResponseE)
    vtable for rosserial_msgs::Log           0x0800288c   Data          24  mainpp.o(.constdata__ZTVN14rosserial_msgs3LogE)
    vtable for rosserial_msgs::TopicInfo     0x080028a4   Data          24  mainpp.o(.constdata__ZTVN14rosserial_msgs9TopicInfoE)
    vtable for ros::Subscriber<std_msgs::String> 0x080028bc   Data          24  mainpp.o(.constdata__ZTVN3ros10SubscriberIN8std_msgs6StringEEE)
    vtable for ros::NodeHandle_<STM32Hardware, (int)25, (int)25, (int)512, (int)512> 0x080028d4   Data          20  mainpp.o(.constdata__ZTVN3ros11NodeHandle_I13STM32HardwareLi25ELi25ELi512ELi512EEE)
    vtable for std_msgs::Time                0x080028e8   Data          24  mainpp.o(.constdata__ZTVN8std_msgs4TimeE)
    vtable for std_msgs::String              0x08002900   Data          24  mainpp.o(.constdata__ZTVN8std_msgs6StringE)
    rosserial_msgs::RequestParamResponse::getMD5()::string 0x08002918   Data          33  mainpp.o(.constdata__ZZN14rosserial_msgs20RequestParamResponse6getMD5EvEs)
    rosserial_msgs::Log::getMD5()::string    0x08002939   Data          33  mainpp.o(.constdata__ZZN14rosserial_msgs3Log6getMD5EvEs)
    rosserial_msgs::Log::getType()::string   0x0800295a   Data          19  mainpp.o(.constdata__ZZN14rosserial_msgs3Log7getTypeEvEs)
    rosserial_msgs::TopicInfo::getMD5()::string 0x0800296d   Data          33  mainpp.o(.constdata__ZZN14rosserial_msgs9TopicInfo6getMD5EvEs)
    rosserial_msgs::TopicInfo::getType()::string 0x0800298e   Data          25  mainpp.o(.constdata__ZZN14rosserial_msgs9TopicInfo7getTypeEvEs)
    ros::NodeHandle_<STM32Hardware, (int)25, (int)25, (int)512, (int)512>::publish(int, const ros::Msg*)::string 0x080029a7   Data          57  mainpp.o(.constdata__ZZN3ros11NodeHandle_I13STM32HardwareLi25ELi25ELi512ELi512EE7publishEiPKNS_3MsgEEs)
    std_msgs::Time::getMD5()::string         0x080029e0   Data          33  mainpp.o(.constdata__ZZN8std_msgs4Time6getMD5EvEs)
    std_msgs::Time::getType()::string        0x08002a01   Data          14  mainpp.o(.constdata__ZZN8std_msgs4Time7getTypeEvEs)
    std_msgs::String::getMD5()::string       0x08002a0f   Data          33  mainpp.o(.constdata__ZZN8std_msgs6String6getMD5EvEs)
    std_msgs::String::getType()::string      0x08002a30   Data          16  mainpp.o(.constdata__ZZN8std_msgs6String7getTypeEvEs)
    Region$$Table$$Base                      0x08002a40   Number         0  anon$$obj.o(Region$$Table)
    Region$$Table$$Limit                     0x08002a60   Number         0  anon$$obj.o(Region$$Table)
    SHT$$INIT_ARRAY$$Base                    0x08002a60   Number         0  mainpp.o(.init_array)
    SHT$$INIT_ARRAY$$Limit                   0x08002a64   Number         0  cpp_init.o(.init_array)
    stm32_to_pc_word                         0x20000000   Data           8  mainpp.o(.data)
    uwTickFreq                               0x20000008   Data           1  stm32f4xx_hal.o(.data)
    uwTickPrio                               0x2000000c   Data           4  stm32f4xx_hal.o(.data)
    uwTick                                   0x20000010   Data           4  stm32f4xx_hal.o(.data)
    SystemCoreClock                          0x20000014   Data           4  system_stm32f4xx.o(.data)
    __microlib_freelist                      0x20000018   Data           4  mvars.o(.data)
    __microlib_freelist_initialised          0x2000001c   Data           4  mvars.o(.data)
    STM32Hardware::flush()::mutex            0x20000020   Data           1  mainpp.o(.data__ZZN13STM32Hardware5flushEvE5mutex)
    htim2                                    0x20000024   Data          64  tim.o(.bss)
    huart6                                   0x20000064   Data          64  usart.o(.bss)
    hdma_usart6_rx                           0x200000a4   Data          96  usart.o(.bss)
    hdma_usart6_tx                           0x20000104   Data          96  usart.o(.bss)
    nh                                       0x20000164   Data        1724  mainpp.o(.bss)
    cmd_sub                                  0x20000820   Data          28  mainpp.o(.bss)
    stm32_to_pc                              0x2000083c   Data          20  mainpp.o(.bss)
    __heap_base                              0x20000850   Data           0  startup_stm32f427xx.o(HEAP)
    __heap_limit                             0x20000a50   Data           0  startup_stm32f427xx.o(HEAP)
    __initial_sp                             0x20000e50   Data           0  startup_stm32f427xx.o(STACK)



==============================================================================

Memory Map of the image

  Image Entry point : 0x080001ad

  Load Region LR_IROM1 (Base: 0x08000000, Size: 0x00002a88, Max: 0x00200000, ABSOLUTE)

    Execution Region ER_IROM1 (Exec base: 0x08000000, Load base: 0x08000000, Size: 0x00002a64, Max: 0x00200000, ABSOLUTE)

    Exec Addr    Load Addr    Size         Type   Attr      Idx    E Section Name        Object

    0x08000000   0x08000000   0x000001ac   Data   RO            3    RESET               startup_stm32f427xx.o
    0x080001ac   0x080001ac   0x00000000   Code   RO         3872  * .ARM.Collect$$$$00000000  mc_w.l(entry.o)
    0x080001ac   0x080001ac   0x00000004   Code   RO         3921    .ARM.Collect$$$$00000001  mc_w.l(entry2.o)
    0x080001b0   0x080001b0   0x00000004   Code   RO         3924    .ARM.Collect$$$$00000004  mc_w.l(entry5.o)
    0x080001b4   0x080001b4   0x00000000   Code   RO         3926    .ARM.Collect$$$$00000008  mc_w.l(entry7b.o)
    0x080001b4   0x080001b4   0x00000004   Code   RO         3927    .ARM.Collect$$$$00000009  mc_w.l(entry8a.o)
    0x080001b8   0x080001b8   0x00000000   Code   RO         3928    .ARM.Collect$$$$0000000A  mc_w.l(entry8b.o)
    0x080001b8   0x080001b8   0x00000008   Code   RO         3929    .ARM.Collect$$$$0000000B  mc_w.l(entry9a.o)
    0x080001c0   0x080001c0   0x00000000   Code   RO         3931    .ARM.Collect$$$$0000000D  mc_w.l(entry10a.o)
    0x080001c0   0x080001c0   0x00000000   Code   RO         3933    .ARM.Collect$$$$0000000F  mc_w.l(entry11a.o)
    0x080001c0   0x080001c0   0x00000004   Code   RO         3922    .ARM.Collect$$$$00002712  mc_w.l(entry2.o)
    0x080001c4   0x080001c4   0x00000024   Code   RO            4    .text               startup_stm32f427xx.o
    0x080001e8   0x080001e8   0x00000062   Code   RO         3875    .text               mc_w.l(uldiv.o)
    0x0800024a   0x0800024a   0x00000024   Code   RO         3877    .text               mc_w.l(memcpya.o)
    0x0800026e   0x0800026e   0x00000024   Code   RO         3879    .text               mc_w.l(memseta.o)
    0x08000292   0x08000292   0x0000000e   Code   RO         3881    .text               mc_w.l(strlen.o)
    0x080002a0   0x080002a0   0x00000020   Code   RO         3906    .text               mc_w.l(cpp_init.o)
    0x080002c0   0x080002c0   0x0000001e   Code   RO         3935    .text               mc_w.l(llshl.o)
    0x080002de   0x080002de   0x00000020   Code   RO         3937    .text               mc_w.l(llushr.o)
    0x080002fe   0x080002fe   0x00000002   PAD
    0x08000300   0x08000300   0x00000024   Code   RO         3954    .text               mc_w.l(init.o)
    0x08000324   0x08000324   0x00000002   Code   RO          305    i.BusFault_Handler  stm32f4xx_it.o
    0x08000326   0x08000326   0x00000002   PAD
    0x08000328   0x08000328   0x0000000c   Code   RO          306    i.DMA2_Stream1_IRQHandler  stm32f4xx_it.o
    0x08000334   0x08000334   0x0000000c   Code   RO          307    i.DMA2_Stream6_IRQHandler  stm32f4xx_it.o
    0x08000340   0x08000340   0x00000002   Code   RO          308    i.DebugMon_Handler  stm32f4xx_it.o
    0x08000342   0x08000342   0x00000002   Code   RO           13    i.Error_Handler     main.o
    0x08000344   0x08000344   0x00000024   Code   RO         2895    i.HAL_DMA_Abort_IT  stm32f4xx_hal_dma.o
    0x08000368   0x08000368   0x000001a0   Code   RO         2899    i.HAL_DMA_IRQHandler  stm32f4xx_hal_dma.o
    0x08000508   0x08000508   0x000000d4   Code   RO         2900    i.HAL_DMA_Init      stm32f4xx_hal_dma.o
    0x080005dc   0x080005dc   0x00000078   Code   RO         2903    i.HAL_DMA_Start_IT  stm32f4xx_hal_dma.o
    0x08000654   0x08000654   0x00000024   Code   RO         3394    i.HAL_Delay         stm32f4xx_hal.o
    0x08000678   0x08000678   0x000001cc   Code   RO         2778    i.HAL_GPIO_Init     stm32f4xx_hal_gpio.o
    0x08000844   0x08000844   0x0000000c   Code   RO         3402    i.HAL_GetTick       stm32f4xx_hal.o
    0x08000850   0x08000850   0x00000010   Code   RO         3408    i.HAL_IncTick       stm32f4xx_hal.o
    0x08000860   0x08000860   0x00000034   Code   RO         3409    i.HAL_Init          stm32f4xx_hal.o
    0x08000894   0x08000894   0x00000040   Code   RO         3410    i.HAL_InitTick      stm32f4xx_hal.o
    0x080008d4   0x080008d4   0x00000030   Code   RO          411    i.HAL_MspInit       stm32f4xx_hal_msp.o
    0x08000904   0x08000904   0x0000001a   Code   RO         3238    i.HAL_NVIC_EnableIRQ  stm32f4xx_hal_cortex.o
    0x0800091e   0x0800091e   0x00000002   PAD
    0x08000920   0x08000920   0x00000040   Code   RO         3244    i.HAL_NVIC_SetPriority  stm32f4xx_hal_cortex.o
    0x08000960   0x08000960   0x00000024   Code   RO         3245    i.HAL_NVIC_SetPriorityGrouping  stm32f4xx_hal_cortex.o
    0x08000984   0x08000984   0x00000130   Code   RO         2319    i.HAL_RCC_ClockConfig  stm32f4xx_hal_rcc.o
    0x08000ab4   0x08000ab4   0x00000020   Code   RO         2326    i.HAL_RCC_GetPCLK1Freq  stm32f4xx_hal_rcc.o
    0x08000ad4   0x08000ad4   0x00000020   Code   RO         2327    i.HAL_RCC_GetPCLK2Freq  stm32f4xx_hal_rcc.o
    0x08000af4   0x08000af4   0x00000064   Code   RO         2328    i.HAL_RCC_GetSysClockFreq  stm32f4xx_hal_rcc.o
    0x08000b58   0x08000b58   0x0000031c   Code   RO         2331    i.HAL_RCC_OscConfig  stm32f4xx_hal_rcc.o
    0x08000e74   0x08000e74   0x00000028   Code   RO         3249    i.HAL_SYSTICK_Config  stm32f4xx_hal_cortex.o
    0x08000e9c   0x08000e9c   0x00000042   Code   RO         1666    i.HAL_TIMEx_MasterConfigSynchronization  stm32f4xx_hal_tim_ex.o
    0x08000ede   0x08000ede   0x00000036   Code   RO          861    i.HAL_TIM_Base_Init  stm32f4xx_hal_tim.o
    0x08000f14   0x08000f14   0x00000024   Code   RO          216    i.HAL_TIM_Base_MspInit  tim.o
    0x08000f38   0x08000f38   0x00000024   Code   RO          864    i.HAL_TIM_Base_Start  stm32f4xx_hal_tim.o
    0x08000f5c   0x08000f5c   0x000000d6   Code   RO          870    i.HAL_TIM_ConfigClockSource  stm32f4xx_hal_tim.o
    0x08001032   0x08001032   0x00000002   Code   RO         1959    i.HAL_UART_ErrorCallback  stm32f4xx_hal_uart.o
    0x08001034   0x08001034   0x00000110   Code   RO         1962    i.HAL_UART_IRQHandler  stm32f4xx_hal_uart.o
    0x08001144   0x08001144   0x00000062   Code   RO         1963    i.HAL_UART_Init     stm32f4xx_hal_uart.o
    0x080011a6   0x080011a6   0x00000002   PAD
    0x080011a8   0x080011a8   0x000000ec   Code   RO          261    i.HAL_UART_MspInit  usart.o
    0x08001294   0x08001294   0x00000098   Code   RO         1967    i.HAL_UART_Receive_DMA  stm32f4xx_hal_uart.o
    0x0800132c   0x0800132c   0x0000000c   Code   RO          436    i.HAL_UART_RxCpltCallback  mainpp.o
    0x08001338   0x08001338   0x00000002   Code   RO         1970    i.HAL_UART_RxHalfCpltCallback  stm32f4xx_hal_uart.o
    0x0800133a   0x0800133a   0x00000002   PAD
    0x0800133c   0x0800133c   0x00000080   Code   RO         1972    i.HAL_UART_Transmit_DMA  stm32f4xx_hal_uart.o
    0x080013bc   0x080013bc   0x0000000c   Code   RO          437    i.HAL_UART_TxCpltCallback  mainpp.o
    0x080013c8   0x080013c8   0x00000002   Code   RO         1975    i.HAL_UART_TxHalfCpltCallback  stm32f4xx_hal_uart.o
    0x080013ca   0x080013ca   0x00000002   Code   RO          309    i.HardFault_Handler  stm32f4xx_it.o
    0x080013cc   0x080013cc   0x0000003c   Code   RO          190    i.MX_DMA_Init       dma.o
    0x08001408   0x08001408   0x0000003c   Code   RO          165    i.MX_GPIO_Init      gpio.o
    0x08001444   0x08001444   0x00000060   Code   RO          217    i.MX_TIM2_Init      tim.o
    0x080014a4   0x080014a4   0x00000038   Code   RO          262    i.MX_USART6_UART_Init  usart.o
    0x080014dc   0x080014dc   0x00000002   Code   RO          310    i.MemManage_Handler  stm32f4xx_it.o
    0x080014de   0x080014de   0x00000002   Code   RO          311    i.NMI_Handler       stm32f4xx_it.o
    0x080014e0   0x080014e0   0x00000002   Code   RO          312    i.PendSV_Handler    stm32f4xx_it.o
    0x080014e2   0x080014e2   0x00000002   Code   RO          313    i.SVC_Handler       stm32f4xx_it.o
    0x080014e4   0x080014e4   0x00000004   Code   RO          314    i.SysTick_Handler   stm32f4xx_it.o
    0x080014e8   0x080014e8   0x00000054   Code   RO         3693    i.SystemInit        system_stm32f4xx.o
    0x0800153c   0x0800153c   0x000000c8   Code   RO          949    i.TIM_Base_SetConfig  stm32f4xx_hal_tim.o
    0x08001604   0x08001604   0x00000014   Code   RO          956    i.TIM_ETR_SetConfig  stm32f4xx_hal_tim.o
    0x08001618   0x08001618   0x0000000c   Code   RO          315    i.USART6_IRQHandler  stm32f4xx_it.o
    0x08001624   0x08001624   0x00000002   Code   RO          316    i.UsageFault_Handler  stm32f4xx_it.o
    0x08001626   0x08001626   0x00000028   Code   RO         2905    i._Z13DMA_SetConfigP19__DMA_HandleTypeDefjjj  stm32f4xx_hal_dma.o
    0x0800164e   0x0800164e   0x0000004a   Code   RO         1976    i._Z13UART_DMAErrorP19__DMA_HandleTypeDef  stm32f4xx_hal_uart.o
    0x08001698   0x08001698   0x000002ac   Code   RO         1977    i._Z14UART_SetConfigP20__UART_HandleTypeDef  stm32f4xx_hal_uart.o
    0x08001944   0x08001944   0x00000096   Code   RO         1978    i._Z15UART_Receive_ITP20__UART_HandleTypeDef  stm32f4xx_hal_uart.o
    0x080019da   0x080019da   0x00000062   Code   RO         1979    i._Z16UART_Transmit_ITP20__UART_HandleTypeDef  stm32f4xx_hal_uart.o
    0x08001a3c   0x08001a3c   0x0000001c   Code   RO          438    i._Z16command_callbackRKN8std_msgs6StringE  mainpp.o
    0x08001a58   0x08001a58   0x00000054   Code   RO         2906    i._Z18DMA_CheckFifoParamP19__DMA_HandleTypeDef  stm32f4xx_hal_dma.o
    0x08001aac   0x08001aac   0x00000084   Code   RO           14    i._Z18SystemClock_Configv  main.o
    0x08001b30   0x08001b30   0x00000010   Code   RO          964    i._Z18TIM_ITRx_SetConfigP11TIM_TypeDefj  stm32f4xx_hal_tim.o
    0x08001b40   0x08001b40   0x0000000a   Code   RO         1980    i._Z18UART_DMARxHalfCpltP19__DMA_HandleTypeDef  stm32f4xx_hal_uart.o
    0x08001b4a   0x08001b4a   0x0000000a   Code   RO         1981    i._Z18UART_DMATxHalfCpltP19__DMA_HandleTypeDef  stm32f4xx_hal_uart.o
    0x08001b54   0x08001b54   0x0000001c   Code   RO         1982    i._Z18UART_EndRxTransferP20__UART_HandleTypeDef  stm32f4xx_hal_uart.o
    0x08001b70   0x08001b70   0x00000012   Code   RO         1983    i._Z18UART_EndTxTransferP20__UART_HandleTypeDef  stm32f4xx_hal_uart.o
    0x08001b82   0x08001b82   0x00000020   Code   RO         3251    i._Z18__NVIC_SetPriority9IRQn_Typej  stm32f4xx_hal_cortex.o
    0x08001ba2   0x08001ba2   0x0000003c   Code   RO         1984    i._Z19UART_DMAReceiveCpltP19__DMA_HandleTypeDef  stm32f4xx_hal_uart.o
    0x08001bde   0x08001bde   0x00000010   Code   RO         1985    i._Z20UART_DMAAbortOnErrorP19__DMA_HandleTypeDef  stm32f4xx_hal_uart.o
    0x08001bee   0x08001bee   0x0000002e   Code   RO         1986    i._Z20UART_DMATransmitCpltP19__DMA_HandleTypeDef  stm32f4xx_hal_uart.o
    0x08001c1c   0x08001c1c   0x00000028   Code   RO         2907    i._Z23DMA_CalcBaseAndBitshiftP19__DMA_HandleTypeDef  stm32f4xx_hal_dma.o
    0x08001c44   0x08001c44   0x00000022   Code   RO          968    i._Z24TIM_TI1_ConfigInputStageP11TIM_TypeDefjj  stm32f4xx_hal_tim.o
    0x08001c66   0x08001c66   0x00000024   Code   RO          969    i._Z24TIM_TI2_ConfigInputStageP11TIM_TypeDefjj  stm32f4xx_hal_tim.o
    0x08001c8a   0x08001c8a   0x0000000e   Code   RO          534    i._ZN13STM32Hardware10reset_rbufEv  mainpp.o
    0x08001c98   0x08001c98   0x00000054   Code   RO          503    i._ZN13STM32Hardware5flushEv  mainpp.o
    0x08001cec   0x08001cec   0x000000ee   Code   RO          509    i._ZN14rosserial_msgs20RequestParamResponse11deserializeEPh  mainpp.o
    0x08001dda   0x08001dda   0x00000002   PAD
    0x08001ddc   0x08001ddc   0x00000008   Code   RO          703    i._ZN14rosserial_msgs20RequestParamResponse6getMD5Ev  mainpp.o
    0x08001de4   0x08001de4   0x00000008   Code   RO          697    i._ZN14rosserial_msgs20RequestParamResponse7getTypeEv  mainpp.o
    0x08001dec   0x08001dec   0x00000008   Code   RO          731    i._ZN14rosserial_msgs3Log6getMD5Ev  mainpp.o
    0x08001df4   0x08001df4   0x00000008   Code   RO          725    i._ZN14rosserial_msgs3Log7getTypeEv  mainpp.o
    0x08001dfc   0x08001dfc   0x00000008   Code   RO          685    i._ZN14rosserial_msgs9TopicInfo6getMD5Ev  mainpp.o
    0x08001e04   0x08001e04   0x00000008   Code   RO          679    i._ZN14rosserial_msgs9TopicInfo7getTypeEv  mainpp.o
    0x08001e0c   0x08001e0c   0x00000020   Code   RO         3729    i._ZN3ros16normalizeSecNSecERmS0_  time.o
    0x08001e2c   0x08001e2c   0x0000003e   Code   RO          515    i._ZN8std_msgs4Time11deserializeEPh  mainpp.o
    0x08001e6a   0x08001e6a   0x00000002   PAD
    0x08001e6c   0x08001e6c   0x00000008   Code   RO          655    i._ZN8std_msgs4Time6getMD5Ev  mainpp.o
    0x08001e74   0x08001e74   0x00000008   Code   RO          649    i._ZN8std_msgs4Time7getTypeEv  mainpp.o
    0x08001e7c   0x08001e7c   0x00000010   Code   RO          540    i._ZN8std_msgs4TimeC1Ev  mainpp.o
    0x08001e8c   0x08001e8c   0x0000002c   Code   RO          528    i._ZN8std_msgs6String11deserializeEPh  mainpp.o
    0x08001eb8   0x08001eb8   0x00000008   Code   RO          625    i._ZN8std_msgs6String6getMD5Ev  mainpp.o
    0x08001ec0   0x08001ec0   0x00000008   Code   RO          613    i._ZN8std_msgs6String7getTypeEv  mainpp.o
    0x08001ec8   0x08001ec8   0x000000bc   Code   RO          691    i._ZNK14rosserial_msgs20RequestParamResponse9serializeEPh  mainpp.o
    0x08001f84   0x08001f84   0x00000024   Code   RO          713    i._ZNK14rosserial_msgs3Log9serializeEPh  mainpp.o
    0x08001fa8   0x08001fa8   0x00000076   Code   RO          667    i._ZNK14rosserial_msgs9TopicInfo9serializeEPh  mainpp.o
    0x0800201e   0x0800201e   0x00000032   Code   RO          643    i._ZNK8std_msgs4Time9serializeEPh  mainpp.o
    0x08002050   0x08002050   0x0000001e   Code   RO          661    i._ZNK8std_msgs6String9serializeEPh  mainpp.o
    0x0800206e   0x0800206e   0x00000002   PAD
    0x08002070   0x08002070   0x0000005c   Code   RO         3885    i.__free$realloc    mc_w.l(mallocr.o)
    0x080020cc   0x080020cc   0x00000050   Code   RO         3886    i.__malloc$realloc  mc_w.l(mallocr.o)
    0x0800211c   0x0800211c   0x0000000e   Code   RO         3976    i.__scatterload_copy  mc_w.l(handlers.o)
    0x0800212a   0x0800212a   0x00000002   Code   RO         3977    i.__scatterload_null  mc_w.l(handlers.o)
    0x0800212c   0x0800212c   0x0000000e   Code   RO         3978    i.__scatterload_zeroinit  mc_w.l(handlers.o)
    0x0800213a   0x0800213a   0x00000002   PAD
    0x0800213c   0x0800213c   0x00000064   Code   RO          439    i.__sti___10_mainpp_cpp_nh  mainpp.o
    0x080021a0   0x080021a0   0x00000050   Code   RO         3887    i.internal_alloc    mc_w.l(mallocr.o)
    0x080021f0   0x080021f0   0x00000018   Code   RO          440    i.loop              mainpp.o
    0x08002208   0x08002208   0x00000022   Code   RO           15    i.main              main.o
    0x0800222a   0x0800222a   0x00000002   PAD
    0x0800222c   0x0800222c   0x0000006c   Code   RO         3888    i.realloc           mc_w.l(mallocr.o)
    0x08002298   0x08002298   0x00000078   Code   RO          441    i.setup             mainpp.o
    0x08002310   0x08002310   0x00000008   Code   RO          619    t._ZN3ros10SubscriberIN8std_msgs6StringEE10getMsgTypeEv  mainpp.o
    0x08002318   0x08002318   0x00000004   Code   RO          637    t._ZN3ros10SubscriberIN8std_msgs6StringEE15getEndpointTypeEv  mainpp.o
    0x0800231c   0x0800231c   0x00000016   Code   RO          607    t._ZN3ros10SubscriberIN8std_msgs6StringEE8callbackEPh  mainpp.o
    0x08002332   0x08002332   0x00000002   PAD
    0x08002334   0x08002334   0x00000008   Code   RO          631    t._ZN3ros10SubscriberIN8std_msgs6StringEE9getMsgMD5Ev  mainpp.o
    0x0800233c   0x0800233c   0x000000bc   Code   RO          550    t._ZN3ros11NodeHandle_I13STM32HardwareLi25ELi25ELi512ELi512EE15negotiateTopicsEv  mainpp.o
    0x080023f8   0x080023f8   0x00000022   Code   RO          543    t._ZN3ros11NodeHandle_I13STM32HardwareLi25ELi25ELi512ELi512EE15requestSyncTimeEv  mainpp.o
    0x0800241a   0x0800241a   0x00000002   PAD
    0x0800241c   0x0800241c   0x00000104   Code   RO          600    t._ZN3ros11NodeHandle_I13STM32HardwareLi25ELi25ELi512ELi512EE7publishEiPKNS_3MsgE  mainpp.o
    0x08002520   0x08002520   0x0000028c   Code   RO          521    t._ZN3ros11NodeHandle_I13STM32HardwareLi25ELi25ELi512ELi512EE8spinOnceEv  mainpp.o
    0x080027ac   0x080027ac   0x0000008c   Code   RO          557    t._ZN3ros11NodeHandle_I13STM32HardwareLi25ELi25ELi512ELi512EEC1Ev  mainpp.o
    0x08002838   0x08002838   0x0000001c   Data   RO          449    .constdata          mainpp.o
    0x08002854   0x08002854   0x00000008   Data   RO         2924    .constdata          stm32f4xx_hal_dma.o
    0x0800285c   0x0800285c   0x00000010   Data   RO         3696    .constdata          system_stm32f4xx.o
    0x0800286c   0x0800286c   0x00000008   Data   RO         3697    .constdata          system_stm32f4xx.o
    0x08002874   0x08002874   0x00000018   Data   RO          568    .constdata__ZTVN14rosserial_msgs20RequestParamResponseE  mainpp.o
    0x0800288c   0x0800288c   0x00000018   Data   RO          710    .constdata__ZTVN14rosserial_msgs3LogE  mainpp.o
    0x080028a4   0x080028a4   0x00000018   Data   RO          566    .constdata__ZTVN14rosserial_msgs9TopicInfoE  mainpp.o
    0x080028bc   0x080028bc   0x00000018   Data   RO          574    .constdata__ZTVN3ros10SubscriberIN8std_msgs6StringEEE  mainpp.o
    0x080028d4   0x080028d4   0x00000014   Data   RO          572    .constdata__ZTVN3ros11NodeHandle_I13STM32HardwareLi25ELi25ELi512ELi512EEE  mainpp.o
    0x080028e8   0x080028e8   0x00000018   Data   RO          564    .constdata__ZTVN8std_msgs4TimeE  mainpp.o
    0x08002900   0x08002900   0x00000018   Data   RO          570    .constdata__ZTVN8std_msgs6StringE  mainpp.o
    0x08002918   0x08002918   0x00000021   Data   RO          499    .constdata__ZZN14rosserial_msgs20RequestParamResponse6getMD5EvEs  mainpp.o
    0x08002939   0x08002939   0x00000021   Data   RO          498    .constdata__ZZN14rosserial_msgs3Log6getMD5EvEs  mainpp.o
    0x0800295a   0x0800295a   0x00000013   Data   RO          497    .constdata__ZZN14rosserial_msgs3Log7getTypeEvEs  mainpp.o
    0x0800296d   0x0800296d   0x00000021   Data   RO          496    .constdata__ZZN14rosserial_msgs9TopicInfo6getMD5EvEs  mainpp.o
    0x0800298e   0x0800298e   0x00000019   Data   RO          495    .constdata__ZZN14rosserial_msgs9TopicInfo7getTypeEvEs  mainpp.o
    0x080029a7   0x080029a7   0x00000039   Data   RO          502    .constdata__ZZN3ros11NodeHandle_I13STM32HardwareLi25ELi25ELi512ELi512EE7publishEiPKNS_3MsgEEs  mainpp.o
    0x080029e0   0x080029e0   0x00000021   Data   RO          494    .constdata__ZZN8std_msgs4Time6getMD5EvEs  mainpp.o
    0x08002a01   0x08002a01   0x0000000e   Data   RO          493    .constdata__ZZN8std_msgs4Time7getTypeEvEs  mainpp.o
    0x08002a0f   0x08002a0f   0x00000021   Data   RO          501    .constdata__ZZN8std_msgs6String6getMD5EvEs  mainpp.o
    0x08002a30   0x08002a30   0x00000010   Data   RO          500    .constdata__ZZN8std_msgs6String7getTypeEvEs  mainpp.o
    0x08002a40   0x08002a40   0x00000020   Data   RO         3974    Region$$Table       anon$$obj.o
    0x08002a60   0x08002a60   0x00000004   Data   RO          451    .init_array         mainpp.o
    0x08002a64   0x08002a60   0x00000000   Data   RO         3904    .init_array         mc_w.l(cpp_init.o)


    Execution Region RW_IRAM1 (Exec base: 0x20000000, Load base: 0x08002a64, Size: 0x00000e50, Max: 0x00030000, ABSOLUTE)

    Exec Addr    Load Addr    Size         Type   Attr      Idx    E Section Name        Object

    0x20000000   0x08002a64   0x00000008   Data   RW          450    .data               mainpp.o
    0x20000008   0x08002a6c   0x0000000c   Data   RW         3445    .data               stm32f4xx_hal.o
    0x20000014   0x08002a78   0x00000004   Data   RW         3698    .data               system_stm32f4xx.o
    0x20000018   0x08002a7c   0x00000004   Data   RW         3939    .data               mc_w.l(mvars.o)
    0x2000001c   0x08002a80   0x00000004   Data   RW         3940    .data               mc_w.l(mvars.o)
    0x20000020   0x08002a84   0x00000001   Data   RW          575    .data__ZZN13STM32Hardware5flushEvE5mutex  mainpp.o
    0x20000021   0x08002a85   0x00000003   PAD
    0x20000024        -       0x00000040   Zero   RW          221    .bss                tim.o
    0x20000064        -       0x00000100   Zero   RW          266    .bss                usart.o
    0x20000164        -       0x000006ec   Zero   RW          448    .bss                mainpp.o
    0x20000850        -       0x00000200   Zero   RW            2    HEAP                startup_stm32f427xx.o
    0x20000a50        -       0x00000400   Zero   RW            1    STACK               startup_stm32f427xx.o


==============================================================================

Image component sizes


      Code (inc. data)   RO Data    RW Data    ZI Data      Debug   Object Name

        60          4          0          0          0        830   dma.o
        60          6          0          0          0        879   gpio.o
       168          8          0          0          0     740944   main.o
      2572        176        492          9       1772      43059   mainpp.o
        36          8        428          0       1536        856   startup_stm32f427xx.o
       180         28          0         12          0       4753   stm32f4xx_hal.o
       198         14          0          0          0      34091   stm32f4xx_hal_cortex.o
       948         16          8          0          0       6678   stm32f4xx_hal_dma.o
       460         52          0          0          0       1848   stm32f4xx_hal_gpio.o
        48          6          0          0          0        898   stm32f4xx_hal_msp.o
      1264         80          0          0          0       5308   stm32f4xx_hal_rcc.o
       610         44          0          0          0       7064   stm32f4xx_hal_tim.o
        66          0          0          0          0       1392   stm32f4xx_hal_tim_ex.o
      1850         42          0          0          0      13234   stm32f4xx_hal_uart.o
        56         18          0          0          0       5754   stm32f4xx_it.o
        84         18         24          4          0       1247   system_stm32f4xx.o
       132         12          0          0         64       1726   tim.o
        32          4          0          0          0        995   time.o
       292         30          0          0        256       1984   usart.o

    ----------------------------------------------------------------------
      9136        566        984         28       3628     873540   Object Totals
         0          0         32          0          0          0   (incl. Generated)
        20          0          0          3          0          0   (incl. Padding)

    ----------------------------------------------------------------------

      Code (inc. data)   RO Data    RW Data    ZI Data      Debug   Library Member Name

        32         10          0          0          0         80   cpp_init.o
         0          0          0          0          0          0   entry.o
         0          0          0          0          0          0   entry10a.o
         0          0          0          0          0          0   entry11a.o
         8          4          0          0          0          0   entry2.o
         4          0          0          0          0          0   entry5.o
         0          0          0          0          0          0   entry7b.o
         4          0          0          0          0          0   entry8a.o
         0          0          0          0          0          0   entry8b.o
         8          4          0          0          0          0   entry9a.o
        30          0          0          0          0          0   handlers.o
        36          8          0          0          0         68   init.o
        30          0          0          0          0         68   llshl.o
        32          0          0          0          0         68   llushr.o
       360         30          0          0          0        356   mallocr.o
        36          0          0          0          0         68   memcpya.o
        36          0          0          0          0        108   memseta.o
         0          0          0          8          0          0   mvars.o
        14          0          0          0          0         68   strlen.o
        98          0          0          0          0         92   uldiv.o

    ----------------------------------------------------------------------
       732         56          0          8          0        976   Library Totals
         4          0          0          0          0          0   (incl. Padding)

    ----------------------------------------------------------------------

      Code (inc. data)   RO Data    RW Data    ZI Data      Debug   Library Name

       728         56          0          8          0        976   mc_w.l

    ----------------------------------------------------------------------
       732         56          0          8          0        976   Library Totals

    ----------------------------------------------------------------------

==============================================================================


      Code (inc. data)   RO Data    RW Data    ZI Data      Debug   

      9868        622        984         36       3628     864004   Grand Totals
      9868        622        984         36       3628     864004   ELF Image Totals
      9868        622        984         36          0          0   ROM Totals

==============================================================================

    Total RO  Size (Code + RO Data)                10852 (  10.60kB)
    Total RW  Size (RW Data + ZI Data)              3664 (   3.58kB)
    Total ROM Size (Code + RO Data + RW Data)      10888 (  10.63kB)

==============================================================================

